../Core/Inc/bno055_stm32.h:20:6:bno055_assignI2C	16	static
../Core/Inc/bno055_stm32.h:24:6:bno055_delay	16	static
../Core/Inc/bno055_stm32.h:32:6:bno055_writeData	40	static
../Core/Inc/bno055_stm32.h:96:6:bno055_readData	24	static
../Core/Src/main.c:131:7:map	32	static
../Core/Src/main.c:135:6:read_encoder	32	static
../Core/Src/main.c:149:6:HAL_CAN_RxFifo0MsgPendingCallback	16	static
../Core/Src/main.c:182:5:main	8	static
../Core/Src/main.c:269:6:SystemClock_Config	88	static
../Core/Src/main.c:323:6:HAL_TIM_PeriodElapsedCallback	16	static
../Core/Src/main.c:392:6:Error_Handler	4	static,ignoring_inline_asm
