../Core/Inc/bno055_stm32.h:20:6:bno055_assignI2C	16	static
../Core/Inc/bno055_stm32.h:24:6:bno055_delay	16	static
../Core/Inc/bno055_stm32.h:32:6:bno055_writeData	40	static
../Core/Inc/bno055_stm32.h:96:6:bno055_readData	24	static
../Core/Src/main.c:217:7:map	32	static
../Core/Src/main.c:222:6:HAL_CAN_RxFifo0MsgPendingCallback	16	static
../Core/Src/main.c:243:6:read_encoder	40	static
../Core/Src/main.c:352:5:main	8	static
../Core/Src/main.c:434:6:SystemClock_Config	88	static
../Core/Src/main.c:477:6:HAL_TIM_PeriodElapsedCallback	24	static
../Core/Src/main.c:549:6:Error_Handler	4	static,ignoring_inline_asm
