Archive member included to satisfy reference by file (symbol)

/opt/st/stm32cubeide_1.12.0/plugins/com.st.stm32cube.ide.mcu.externaltools.gnu-tools-for-stm32.10.3-2021.10.linux64_1.0.200.202301161003/tools/bin/../lib/gcc/arm-none-eabi/10.3.1/../../../../arm-none-eabi/lib/thumb/v7-m/nofp/libc_nano.a(lib_a-errno.o)
                              ./Core/Src/syscalls.o (__errno)
/opt/st/stm32cubeide_1.12.0/plugins/com.st.stm32cube.ide.mcu.externaltools.gnu-tools-for-stm32.10.3-2021.10.linux64_1.0.200.202301161003/tools/bin/../lib/gcc/arm-none-eabi/10.3.1/../../../../arm-none-eabi/lib/thumb/v7-m/nofp/libc_nano.a(lib_a-exit.o)
                              /opt/st/stm32cubeide_1.12.0/plugins/com.st.stm32cube.ide.mcu.externaltools.gnu-tools-for-stm32.10.3-2021.10.linux64_1.0.200.202301161003/tools/bin/../lib/gcc/arm-none-eabi/10.3.1/../../../../arm-none-eabi/lib/thumb/v7-m/nofp/crt0.o (exit)
/opt/st/stm32cubeide_1.12.0/plugins/com.st.stm32cube.ide.mcu.externaltools.gnu-tools-for-stm32.10.3-2021.10.linux64_1.0.200.202301161003/tools/bin/../lib/gcc/arm-none-eabi/10.3.1/../../../../arm-none-eabi/lib/thumb/v7-m/nofp/libc_nano.a(lib_a-impure.o)
                              /opt/st/stm32cubeide_1.12.0/plugins/com.st.stm32cube.ide.mcu.externaltools.gnu-tools-for-stm32.10.3-2021.10.linux64_1.0.200.202301161003/tools/bin/../lib/gcc/arm-none-eabi/10.3.1/../../../../arm-none-eabi/lib/thumb/v7-m/nofp/libc_nano.a(lib_a-exit.o) (_global_impure_ptr)
/opt/st/stm32cubeide_1.12.0/plugins/com.st.stm32cube.ide.mcu.externaltools.gnu-tools-for-stm32.10.3-2021.10.linux64_1.0.200.202301161003/tools/bin/../lib/gcc/arm-none-eabi/10.3.1/../../../../arm-none-eabi/lib/thumb/v7-m/nofp/libc_nano.a(lib_a-init.o)
                              /opt/st/stm32cubeide_1.12.0/plugins/com.st.stm32cube.ide.mcu.externaltools.gnu-tools-for-stm32.10.3-2021.10.linux64_1.0.200.202301161003/tools/bin/../lib/gcc/arm-none-eabi/10.3.1/../../../../arm-none-eabi/lib/thumb/v7-m/nofp/crt0.o (__libc_init_array)
/opt/st/stm32cubeide_1.12.0/plugins/com.st.stm32cube.ide.mcu.externaltools.gnu-tools-for-stm32.10.3-2021.10.linux64_1.0.200.202301161003/tools/bin/../lib/gcc/arm-none-eabi/10.3.1/../../../../arm-none-eabi/lib/thumb/v7-m/nofp/libc_nano.a(lib_a-memset.o)
                              /opt/st/stm32cubeide_1.12.0/plugins/com.st.stm32cube.ide.mcu.externaltools.gnu-tools-for-stm32.10.3-2021.10.linux64_1.0.200.202301161003/tools/bin/../lib/gcc/arm-none-eabi/10.3.1/../../../../arm-none-eabi/lib/thumb/v7-m/nofp/crt0.o (memset)
/opt/st/stm32cubeide_1.12.0/plugins/com.st.stm32cube.ide.mcu.externaltools.gnu-tools-for-stm32.10.3-2021.10.linux64_1.0.200.202301161003/tools/bin/../lib/gcc/arm-none-eabi/10.3.1/../../../../arm-none-eabi/lib/thumb/v7-m/nofp/libm.a(lib_a-sf_cos.o)
                              ./Core/Src/main.o (cosf)
/opt/st/stm32cubeide_1.12.0/plugins/com.st.stm32cube.ide.mcu.externaltools.gnu-tools-for-stm32.10.3-2021.10.linux64_1.0.200.202301161003/tools/bin/../lib/gcc/arm-none-eabi/10.3.1/../../../../arm-none-eabi/lib/thumb/v7-m/nofp/libm.a(lib_a-sf_sin.o)
                              ./Core/Src/main.o (sinf)
/opt/st/stm32cubeide_1.12.0/plugins/com.st.stm32cube.ide.mcu.externaltools.gnu-tools-for-stm32.10.3-2021.10.linux64_1.0.200.202301161003/tools/bin/../lib/gcc/arm-none-eabi/10.3.1/../../../../arm-none-eabi/lib/thumb/v7-m/nofp/libm.a(lib_a-ef_rem_pio2.o)
                              /opt/st/stm32cubeide_1.12.0/plugins/com.st.stm32cube.ide.mcu.externaltools.gnu-tools-for-stm32.10.3-2021.10.linux64_1.0.200.202301161003/tools/bin/../lib/gcc/arm-none-eabi/10.3.1/../../../../arm-none-eabi/lib/thumb/v7-m/nofp/libm.a(lib_a-sf_cos.o) (__ieee754_rem_pio2f)
/opt/st/stm32cubeide_1.12.0/plugins/com.st.stm32cube.ide.mcu.externaltools.gnu-tools-for-stm32.10.3-2021.10.linux64_1.0.200.202301161003/tools/bin/../lib/gcc/arm-none-eabi/10.3.1/../../../../arm-none-eabi/lib/thumb/v7-m/nofp/libm.a(lib_a-kf_cos.o)
                              /opt/st/stm32cubeide_1.12.0/plugins/com.st.stm32cube.ide.mcu.externaltools.gnu-tools-for-stm32.10.3-2021.10.linux64_1.0.200.202301161003/tools/bin/../lib/gcc/arm-none-eabi/10.3.1/../../../../arm-none-eabi/lib/thumb/v7-m/nofp/libm.a(lib_a-sf_cos.o) (__kernel_cosf)
/opt/st/stm32cubeide_1.12.0/plugins/com.st.stm32cube.ide.mcu.externaltools.gnu-tools-for-stm32.10.3-2021.10.linux64_1.0.200.202301161003/tools/bin/../lib/gcc/arm-none-eabi/10.3.1/../../../../arm-none-eabi/lib/thumb/v7-m/nofp/libm.a(lib_a-kf_rem_pio2.o)
                              /opt/st/stm32cubeide_1.12.0/plugins/com.st.stm32cube.ide.mcu.externaltools.gnu-tools-for-stm32.10.3-2021.10.linux64_1.0.200.202301161003/tools/bin/../lib/gcc/arm-none-eabi/10.3.1/../../../../arm-none-eabi/lib/thumb/v7-m/nofp/libm.a(lib_a-ef_rem_pio2.o) (__kernel_rem_pio2f)
[...]
Memory Configuration

Name             Origin             Length             Attributes
RAM              0x0000000020000000 0x0000000000005000 xrw
FLASH            0x0000000008000000 0x0000000000020000 xr
*default*        0x0000000000000000 0xffffffffffffffff

Linker script and memory map

LOAD /opt/st/stm32cubeide_1.12.0/plugins/com.st.stm32cube.ide.mcu.externaltools.gnu-tools-for-stm32.10.3-2021.10.linux64_1.0.200.202301161003/tools/bin/../lib/gcc/arm-none-eabi/10.3.1/thumb/v7-m/nofp/crti.o
LOAD /opt/st/stm32cubeide_1.12.0/plugins/com.st.stm32cube.ide.mcu.externaltools.gnu-tools-for-stm32.10.3-2021.10.linux64_1.0.200.202301161003/tools/bin/../lib/gcc/arm-none-eabi/10.3.1/thumb/v7-m/nofp/crtbegin.o
LOAD /opt/st/stm32cubeide_1.12.0/plugins/com.st.stm32cube.ide.mcu.externaltools.gnu-tools-for-stm32.10.3-2021.10.linux64_1.0.200.202301161003/tools/bin/../lib/gcc/arm-none-eabi/10.3.1/../../../../arm-none-eabi/lib/thumb/v7-m/nofp/crt0.o
LOAD ./Core/Src/PID.o
LOAD ./Core/Src/can.o
LOAD ./Core/Src/gpio.o
LOAD ./Core/Src/main.o
LOAD ./Core/Src/stm32f1xx_hal_msp.o
LOAD ./Core/Src/stm32f1xx_it.o
LOAD ./Core/Src/syscalls.o
LOAD ./Core/Src/sysmem.o
LOAD ./Core/Src/system_stm32f1xx.o
LOAD ./Core/Src/tim.o
LOAD ./Core/Startup/startup_stm32f103cbtx.o
LOAD ./Drivers/STM32F1xx_HAL_Driver/Src/stm32f1xx_hal.o
LOAD ./Drivers/STM32F1xx_HAL_Driver/Src/stm32f1xx_hal_can.o
LOAD ./Drivers/STM32F1xx_HAL_Driver/Src/stm32f1xx_hal_cortex.o
LOAD ./Drivers/STM32F1xx_HAL_Driver/Src/stm32f1xx_hal_dma.o
LOAD ./Drivers/STM32F1xx_HAL_Driver/Src/stm32f1xx_hal_exti.o
LOAD ./Drivers/STM32F1xx_HAL_Driver/Src/stm32f1xx_hal_flash.o
LOAD ./Drivers/STM32F1xx_HAL_Driver/Src/stm32f1xx_hal_flash_ex.o
LOAD ./Drivers/STM32F1xx_HAL_Driver/Src/stm32f1xx_hal_gpio.o
LOAD ./Drivers/STM32F1xx_HAL_Driver/Src/stm32f1xx_hal_gpio_ex.o
LOAD ./Drivers/STM32F1xx_HAL_Driver/Src/stm32f1xx_hal_pwr.o
LOAD ./Drivers/STM32F1xx_HAL_Driver/Src/stm32f1xx_hal_rcc.o
LOAD ./Drivers/STM32F1xx_HAL_Driver/Src/stm32f1xx_hal_rcc_ex.o
LOAD ./Drivers/STM32F1xx_HAL_Driver/Src/stm32f1xx_hal_tim.o
LOAD ./Drivers/STM32F1xx_HAL_Driver/Src/stm32f1xx_hal_tim_ex.o
START GROUP
LOAD /opt/st/stm32cubeide_1.12.0/plugins/com.st.stm32cube.ide.mcu.externaltools.gnu-tools-for-stm32.10.3-2021.10.linux64_1.0.200.202301161003/tools/bin/../lib/gcc/arm-none-eabi/10.3.1/../../../../arm-none-eabi/lib/thumb/v7-m/nofp/libc_nano.a
LOAD /opt/st/stm32cubeide_1.12.0/plugins/com.st.stm32cube.ide.mcu.externaltools.gnu-tools-for-stm32.10.3-2021.10.linux64_1.0.200.202301161003/tools/bin/../lib/gcc/arm-none-eabi/10.3.1/../../../../arm-none-eabi/lib/thumb/v7-m/nofp/libm.a
END GROUP
START GROUP
LOAD /opt/st/stm32cubeide_1.12.0/plugins/com.st.stm32cube.ide.mcu.externaltools.gnu-tools-for-stm32.10.3-2021.10.linux64_1.0.200.202301161003/tools/bin/../lib/gcc/arm-none-eabi/10.3.1/thumb/v7-m/nofp/libgcc.a
LOAD /opt/st/stm32cubeide_1.12.0/plugins/com.st.stm32cube.ide.mcu.externaltools.gnu-tools-for-stm32.10.3-2021.10.linux64_1.0.200.202301161003/tools/bin/../lib/gcc/arm-none-eabi/10.3.1/../../../../arm-none-eabi/lib/thumb/v7-m/nofp/libc_nano.a
END GROUP
START GROUP
LOAD /opt/st/stm32cubeide_1.12.0/plugins/com.st.stm32cube.ide.mcu.externaltools.gnu-tools-for-stm32.10.3-2021.10.linux64_1.0.200.202301161003/tools/bin/../lib/gcc/arm-none-eabi/10.3.1/thumb/v7-m/nofp/libgcc.a
LOAD /opt/st/stm32cubeide_1.12.0/plugins/com.st.stm32cube.ide.mcu.externaltools.gnu-tools-for-stm32.10.3-2021.10.linux64_1.0.200.202301161003/tools/bin/../lib/gcc/arm-none-eabi/10.3.1/../../../../arm-none-eabi/lib/thumb/v7-m/nofp/libc_nano.a
LOAD /opt/st/stm32cubeide_1.12.0/plugins/com.st.stm32cube.ide.mcu.externaltools.gnu-tools-for-stm32.10.3-2021.10.linux64_1.0.200.202301161003/tools/bin/../lib/gcc/arm-none-eabi/10.3.1/../../../../arm-none-eabi/lib/thumb/v7-m/nofp/libnosys.a
END GROUP
START GROUP
LOAD /opt/st/stm32cubeide_1.12.0/plugins/com.st.stm32cube.ide.mcu.externaltools.gnu-tools-for-stm32.10.3-2021.10.linux64_1.0.200.202301161003/tools/bin/../lib/gcc/arm-none-eabi/10.3.1/thumb/v7-m/nofp/libgcc.a
LOAD /opt/st/stm32cubeide_1.12.0/plugins/com.st.stm32cube.ide.mcu.externaltools.gnu-tools-for-stm32.10.3-2021.10.linux64_1.0.200.202301161003/tools/bin/../lib/gcc/arm-none-eabi/10.3.1/../../../../arm-none-eabi/lib/thumb/v7-m/nofp/libc_nano.a
LOAD /opt/st/stm32cubeide_1.12.0/plugins/com.st.stm32cube.ide.mcu.externaltools.gnu-tools-for-stm32.10.3-2021.10.linux64_1.0.200.202301161003/tools/bin/../lib/gcc/arm-none-eabi/10.3.1/../../../../arm-none-eabi/lib/thumb/v7-m/nofp/libnosys.a
END GROUP
LOAD /opt/st/stm32cubeide_1.12.0/plugins/com.st.stm32cube.ide.mcu.externaltools.gnu-tools-for-stm32.10.3-2021.10.linux64_1.0.200.202301161003/tools/bin/../lib/gcc/arm-none-eabi/10.3.1/thumb/v7-m/nofp/crtend.o
LOAD /opt/st/stm32cubeide_1.12.0/plugins/com.st.stm32cube.ide.mcu.externaltools.gnu-tools-for-stm32.10.3-2021.10.linux64_1.0.200.202301161003/tools/bin/../lib/gcc/arm-none-eabi/10.3.1/thumb/v7-m/nofp/crtn.o
                0x0000000020005000                _estack = (ORIGIN (RAM) + LENGTH (RAM))
                0x0000000000000200                _Min_Heap_Size = 0x200
                0x0000000000000400                _Min_Stack_Size = 0x400

.isr_vector     0x0000000008000000      0x10c
                0x0000000008000000                . = ALIGN (0x4)
 *(.isr_vector)
 .isr_vector    0x0000000008000000      0x10c ./Core/Startup/startup_stm32f103cbtx.o
                0x0000000008000000                g_pfnVectors
                0x000000000800010c                . = ALIGN (0x4)

.text           0x0000000008000110     0x5964
                0x0000000008000110                . = ALIGN (0x4)
 *(.text)
 .text          0x0000000008000110       0x40 /opt/st/stm32cubeide_1.12.0/plugins/com.st.stm32cube.ide.mcu.externaltools.gnu-tools-for-stm32.10.3-2021.10.linux64_1.0.200.202301161003/tools/bin/../lib/gcc/arm-none-eabi/10.3.1/thumb/v7-m/nofp/crtbegin.o
 .text          0x0000000008000150      0x378 /opt/st/stm32cubeide_1.12.0/plugins/com.st.stm32cube.ide.mcu.externaltools.gnu-tools-for-stm32.10.3-2021.10.linux64_1.0.200.202301161003/tools/bin/../lib/gcc/arm-none-eabi/10.3.1/thumb/v7-m/nofp/libgcc.a(_arm_addsubdf3.o)
                0x0000000008000150                __aeabi_drsub
                0x0000000008000158                __aeabi_dsub
                0x0000000008000158                __subdf3
                0x000000000800015c                __adddf3
                0x000000000800015c                __aeabi_dadd
                0x00000000080003d4                __aeabi_ui2d
                0x00000000080003d4                __floatunsidf
                0x00000000080003f4                __floatsidf
                0x00000000080003f4                __aeabi_i2d
                0x0000000008000418                __extendsfdf2
                0x0000000008000418                __aeabi_f2d
                0x000000000800045c                __aeabi_ul2d
                0x000000000800045c                __floatundidf
                0x000000000800046c                __floatdidf
                0x000000000800046c                __aeabi_l2d
 .text          0x00000000080004c8      0x424 /opt/st/stm32cubeide_1.12.0/plugins/com.st.stm32cube.ide.mcu.externaltools.gnu-tools-for-stm32.10.3-2021.10.linux64_1.0.200.202301161003/tools/bin/../lib/gcc/arm-none-eabi/10.3.1/thumb/v7-m/nofp/libgcc.a(_arm_muldivdf3.o)
                0x00000000080004c8                __aeabi_dmul
                0x00000000080004c8                __muldf3
                0x000000000800071c                __aeabi_ddiv
                0x000000000800071c                __divdf3
 .text          0x00000000080008ec      0x110 /opt/st/stm32cubeide_1.12.0/plugins/com.st.stm32cube.ide.mcu.externaltools.gnu-tools-for-stm32.10.3-2021.10.linux64_1.0.200.202301161003/tools/bin/../lib/gcc/arm-none-eabi/10.3.1/thumb/v7-m/nofp/libgcc.a(_arm_cmpdf2.o)
                0x00000000080008ec                __gtdf2
                0x00000000080008ec                __gedf2
                0x00000000080008f4                __ltdf2
                0x00000000080008f4                __ledf2
                0x00000000080008fc                __cmpdf2
                0x00000000080008fc                __eqdf2
                0x00000000080008fc                __nedf2
                0x0000000008000978                __aeabi_cdrcmple
                0x0000000008000988                __aeabi_cdcmple
                0x0000000008000988                __aeabi_cdcmpeq
                0x0000000008000998                __aeabi_dcmpeq
                0x00000000080009ac                __aeabi_dcmplt
                0x00000000080009c0                __aeabi_dcmple
                0x00000000080009d4                __aeabi_dcmpge
                0x00000000080009e8                __aeabi_dcmpgt
 .text          0x00000000080009fc       0xa0 /opt/st/stm32cubeide_1.12.0/plugins/com.st.stm32cube.ide.mcu.externaltools.gnu-tools-for-stm32.10.3-2021.10.linux64_1.0.200.202301161003/tools/bin/../lib/gcc/arm-none-eabi/10.3.1/thumb/v7-m/nofp/libgcc.a(_arm_truncdfsf2.o)
                0x00000000080009fc                __aeabi_d2f
                0x00000000080009fc                __truncdfsf2
 .text          0x0000000008000a9c      0x21c /opt/st/stm32cubeide_1.12.0/plugins/com.st.stm32cube.ide.mcu.externaltools.gnu-tools-for-stm32.10.3-2021.10.linux64_1.0.200.202301161003/tools/bin/../lib/gcc/arm-none-eabi/10.3.1/thumb/v7-m/nofp/libgcc.a(_arm_addsubsf3.o)
                0x0000000008000a9c                __aeabi_frsub
                0x0000000008000aa4                __subsf3
                0x0000000008000aa4                __aeabi_fsub
                0x0000000008000aa8                __aeabi_fadd
                0x0000000008000aa8                __addsf3
                0x0000000008000c08                __aeabi_ui2f
                0x0000000008000c08                __floatunsisf
                0x0000000008000c10                __aeabi_i2f
                0x0000000008000c10                __floatsisf
                0x0000000008000c2c                __floatundisf
                0x0000000008000c2c                __aeabi_ul2f
                0x0000000008000c3c                __floatdisf
                0x0000000008000c3c                __aeabi_l2f
 .text          0x0000000008000cb8      0x2a0 /opt/st/stm32cubeide_1.12.0/plugins/com.st.stm32cube.ide.mcu.externaltools.gnu-tools-for-stm32.10.3-2021.10.linux64_1.0.200.202301161003/tools/bin/../lib/gcc/arm-none-eabi/10.3.1/thumb/v7-m/nofp/libgcc.a(_arm_muldivsf3.o)
                0x0000000008000cb8                __mulsf3
                0x0000000008000cb8                __aeabi_fmul
                0x0000000008000e20                __divsf3
                0x0000000008000e20                __aeabi_fdiv
 .text          0x0000000008000f58       0xec /opt/st/stm32cubeide_1.12.0/plugins/com.st.stm32cube.ide.mcu.externaltools.gnu-tools-for-stm32.10.3-2021.10.linux64_1.0.200.202301161003/tools/bin/../lib/gcc/arm-none-eabi/10.3.1/thumb/v7-m/nofp/libgcc.a(_arm_cmpsf2.o)
                0x0000000008000f58                __gtsf2
                0x0000000008000f58                __gesf2
                0x0000000008000f60                __lesf2
                0x0000000008000f60                __ltsf2
                0x0000000008000f68                __nesf2
                0x0000000008000f68                __eqsf2
                0x0000000008000f68                __cmpsf2
                0x0000000008000fc8                __aeabi_cfrcmple
                0x0000000008000fd0                __aeabi_cfcmple
                0x0000000008000fd0                __aeabi_cfcmpeq
                0x0000000008000fe0                __aeabi_fcmpeq
                0x0000000008000ff4                __aeabi_fcmplt
                0x0000000008001008                __aeabi_fcmple
                0x000000000800101c                __aeabi_fcmpge
                0x0000000008001030                __aeabi_fcmpgt
 .text          0x0000000008001044       0x4c /opt/st/stm32cubeide_1.12.0/plugins/com.st.stm32cube.ide.mcu.externaltools.gnu-tools-for-stm32.10.3-2021.10.linux64_1.0.200.202301161003/tools/bin/../lib/gcc/arm-none-eabi/10.3.1/thumb/v7-m/nofp/libgcc.a(_arm_fixsfsi.o)
                0x0000000008001044                __fixsfsi
                0x0000000008001044                __aeabi_f2iz
 .text          0x0000000008001090       0x40 /opt/st/stm32cubeide_1.12.0/plugins/com.st.stm32cube.ide.mcu.externaltools.gnu-tools-for-stm32.10.3-2021.10.linux64_1.0.200.202301161003/tools/bin/../lib/gcc/arm-none-eabi/10.3.1/thumb/v7-m/nofp/libgcc.a(_arm_fixunssfsi.o)
                0x0000000008001090                __aeabi_f2uiz
                0x0000000008001090                __fixunssfsi
 *(.text*)
 .text.PID_Init
                0x00000000080010d0       0x70 ./Core/Src/PID.o
                0x00000000080010d0                PID_Init
 .text.PID      0x0000000008001140      0x25a ./Core/Src/PID.o
                0x0000000008001140                PID
 *fill*         0x000000000800139a        0x2 
 .text.MX_CAN_Init
                0x000000000800139c       0xa4 ./Core/Src/can.o
                0x000000000800139c                MX_CAN_Init
 .text.HAL_CAN_MspInit
                0x0000000008001440       0xd0 ./Core/Src/can.o
                0x0000000008001440                HAL_CAN_MspInit
 .text.MX_GPIO_Init
                0x0000000008001510       0x5c ./Core/Src/gpio.o
                0x0000000008001510                MX_GPIO_Init
 *fill*         0x000000000800156c        0x4 
 .text.Motors_RPS
                0x0000000008001570      0x1fc ./Core/Src/main.o
                0x0000000008001570                Motors_RPS
 *fill*         0x000000000800176c        0x4 
 .text.HAL_CAN_RxFifo1MsgPendingCallback
                0x0000000008001770      0x188 ./Core/Src/main.o
                0x0000000008001770                HAL_CAN_RxFifo1MsgPendingCallback
 .text.main     0x00000000080018f8       0xdc ./Core/Src/main.o
                0x00000000080018f8                main
 .text.SystemClock_Config
                0x00000000080019d4       0x8a ./Core/Src/main.o
                0x00000000080019d4                SystemClock_Config
 *fill*         0x0000000008001a5e        0x2 
 .text.HAL_TIM_PeriodElapsedCallback
                0x0000000008001a60      0x30c ./Core/Src/main.o
                0x0000000008001a60                HAL_TIM_PeriodElapsedCallback
 .text.Error_Handler
                0x0000000008001d6c        0xa ./Core/Src/main.o
                0x0000000008001d6c                Error_Handler
 *fill*         0x0000000008001d76        0x2 
 .text.HAL_MspInit
                0x0000000008001d78       0x64 ./Core/Src/stm32f1xx_hal_msp.o
                0x0000000008001d78                HAL_MspInit
 .text.NMI_Handler
                0x0000000008001ddc        0x6 ./Core/Src/stm32f1xx_it.o
                0x0000000008001ddc                NMI_Handler
 .text.HardFault_Handler
                0x0000000008001de2        0x6 ./Core/Src/stm32f1xx_it.o
                0x0000000008001de2                HardFault_Handler
 .text.MemManage_Handler
                0x0000000008001de8        0x6 ./Core/Src/stm32f1xx_it.o
                0x0000000008001de8                MemManage_Handler
 .text.BusFault_Handler
                0x0000000008001dee        0x6 ./Core/Src/stm32f1xx_it.o
                0x0000000008001dee                BusFault_Handler
 .text.UsageFault_Handler
                0x0000000008001df4        0x6 ./Core/Src/stm32f1xx_it.o
                0x0000000008001df4                UsageFault_Handler
 .text.SVC_Handler
                0x0000000008001dfa        0xc ./Core/Src/stm32f1xx_it.o
                0x0000000008001dfa                SVC_Handler
 .text.DebugMon_Handler
                0x0000000008001e06        0xc ./Core/Src/stm32f1xx_it.o
                0x0000000008001e06                DebugMon_Handler
 .text.PendSV_Handler
                0x0000000008001e12        0xc ./Core/Src/stm32f1xx_it.o
                0x0000000008001e12                PendSV_Handler
 .text.SysTick_Handler
                0x0000000008001e1e        0xc ./Core/Src/stm32f1xx_it.o
                0x0000000008001e1e                SysTick_Handler
 *fill*         0x0000000008001e2a        0x2 
 .text.CAN1_RX1_IRQHandler
                0x0000000008001e2c       0x14 ./Core/Src/stm32f1xx_it.o
                0x0000000008001e2c                CAN1_RX1_IRQHandler
 .text.TIM2_IRQHandler
                0x0000000008001e40       0x14 ./Core/Src/stm32f1xx_it.o
                0x0000000008001e40                TIM2_IRQHandler
 .text.SystemInit
                0x0000000008001e54        0xc ./Core/Src/system_stm32f1xx.o
                0x0000000008001e54                SystemInit
 .text.MX_TIM1_Init
                0x0000000008001e60      0x150 ./Core/Src/tim.o
                0x0000000008001e60                MX_TIM1_Init
 .text.MX_TIM2_Init
                0x0000000008001fb0       0x98 ./Core/Src/tim.o
                0x0000000008001fb0                MX_TIM2_Init
 .text.MX_TIM3_Init
                0x0000000008002048       0xa8 ./Core/Src/tim.o
                0x0000000008002048                MX_TIM3_Init
 .text.MX_TIM4_Init
                0x00000000080020f0       0xa8 ./Core/Src/tim.o
                0x00000000080020f0                MX_TIM4_Init
 .text.HAL_TIM_PWM_MspInit
                0x0000000008002198       0x3c ./Core/Src/tim.o
                0x0000000008002198                HAL_TIM_PWM_MspInit
 .text.HAL_TIM_Base_MspInit
                0x00000000080021d4       0x48 ./Core/Src/tim.o
                0x00000000080021d4                HAL_TIM_Base_MspInit
 .text.HAL_TIM_Encoder_MspInit
                0x000000000800221c       0xd8 ./Core/Src/tim.o
                0x000000000800221c                HAL_TIM_Encoder_MspInit
 .text.HAL_TIM_MspPostInit
                0x00000000080022f4       0x68 ./Core/Src/tim.o
                0x00000000080022f4                HAL_TIM_MspPostInit
 .text.Reset_Handler
                0x000000000800235c       0x48 ./Core/Startup/startup_stm32f103cbtx.o
                0x000000000800235c                Reset_Handler
 .text.Default_Handler
                0x00000000080023a4        0x2 ./Core/Startup/startup_stm32f103cbtx.o
                0x00000000080023a4                RTC_Alarm_IRQHandler
                0x00000000080023a4                EXTI2_IRQHandler
                0x00000000080023a4                TIM1_CC_IRQHandler
                0x00000000080023a4                PVD_IRQHandler
                0x00000000080023a4                EXTI3_IRQHandler
                0x00000000080023a4                EXTI0_IRQHandler
                0x00000000080023a4                I2C2_EV_IRQHandler
                0x00000000080023a4                ADC1_2_IRQHandler
                0x00000000080023a4                SPI1_IRQHandler
                0x00000000080023a4                TAMPER_IRQHandler
                0x00000000080023a4                DMA1_Channel4_IRQHandler
                0x00000000080023a4                USART3_IRQHandler
                0x00000000080023a4                RTC_IRQHandler
                0x00000000080023a4                DMA1_Channel7_IRQHandler
                0x00000000080023a4                TIM4_IRQHandler
                0x00000000080023a4                I2C1_EV_IRQHandler
                0x00000000080023a4                DMA1_Channel6_IRQHandler
                0x00000000080023a4                TIM3_IRQHandler
                0x00000000080023a4                RCC_IRQHandler
                0x00000000080023a4                TIM1_TRG_COM_IRQHandler
                0x00000000080023a4                DMA1_Channel1_IRQHandler
                0x00000000080023a4                Default_Handler
                0x00000000080023a4                EXTI15_10_IRQHandler
                0x00000000080023a4                EXTI9_5_IRQHandler
                0x00000000080023a4                SPI2_IRQHandler
                0x00000000080023a4                DMA1_Channel5_IRQHandler
                0x00000000080023a4                EXTI4_IRQHandler
                0x00000000080023a4                USB_LP_CAN1_RX0_IRQHandler
                0x00000000080023a4                USB_HP_CAN1_TX_IRQHandler
                0x00000000080023a4                DMA1_Channel3_IRQHandler
                0x00000000080023a4                TIM1_UP_IRQHandler
                0x00000000080023a4                WWDG_IRQHandler
                0x00000000080023a4                TIM1_BRK_IRQHandler
                0x00000000080023a4                EXTI1_IRQHandler
                0x00000000080023a4                USART2_IRQHandler
                0x00000000080023a4                I2C2_ER_IRQHandler
                0x00000000080023a4                DMA1_Channel2_IRQHandler
                0x00000000080023a4                CAN1_SCE_IRQHandler
                0x00000000080023a4                FLASH_IRQHandler
                0x00000000080023a4                USART1_IRQHandler
                0x00000000080023a4                I2C1_ER_IRQHandler
                0x00000000080023a4                USBWakeUp_IRQHandler
 *fill*         0x00000000080023a6        0x2 
 .text.HAL_Init
                0x00000000080023a8       0x2c ./Drivers/STM32F1xx_HAL_Driver/Src/stm32f1xx_hal.o
                0x00000000080023a8                HAL_Init
 .text.HAL_InitTick
                0x00000000080023d4       0x60 ./Drivers/STM32F1xx_HAL_Driver/Src/stm32f1xx_hal.o
                0x00000000080023d4                HAL_InitTick
 .text.HAL_IncTick
                0x0000000008002434       0x24 ./Drivers/STM32F1xx_HAL_Driver/Src/stm32f1xx_hal.o
                0x0000000008002434                HAL_IncTick
 .text.HAL_GetTick
                0x0000000008002458       0x14 ./Drivers/STM32F1xx_HAL_Driver/Src/stm32f1xx_hal.o
                0x0000000008002458                HAL_GetTick
 .text.HAL_CAN_Init
                0x000000000800246c      0x1f6 ./Drivers/STM32F1xx_HAL_Driver/Src/stm32f1xx_hal_can.o
                0x000000000800246c                HAL_CAN_Init
 .text.HAL_CAN_ConfigFilter
                0x0000000008002662      0x192 ./Drivers/STM32F1xx_HAL_Driver/Src/stm32f1xx_hal_can.o
                0x0000000008002662                HAL_CAN_ConfigFilter
 .text.HAL_CAN_Start
                0x00000000080027f4       0x88 ./Drivers/STM32F1xx_HAL_Driver/Src/stm32f1xx_hal_can.o
                0x00000000080027f4                HAL_CAN_Start
 .text.HAL_CAN_GetRxMessage
                0x000000000800287c      0x242 ./Drivers/STM32F1xx_HAL_Driver/Src/stm32f1xx_hal_can.o
                0x000000000800287c                HAL_CAN_GetRxMessage
 .text.HAL_CAN_ActivateNotification
                0x0000000008002abe       0x4a ./Drivers/STM32F1xx_HAL_Driver/Src/stm32f1xx_hal_can.o
                0x0000000008002abe                HAL_CAN_ActivateNotification
 .text.HAL_CAN_IRQHandler
                0x0000000008002b08      0x36e ./Drivers/STM32F1xx_HAL_Driver/Src/stm32f1xx_hal_can.o
                0x0000000008002b08                HAL_CAN_IRQHandler
 .text.HAL_CAN_TxMailbox0CompleteCallback
                0x0000000008002e76       0x12 ./Drivers/STM32F1xx_HAL_Driver/Src/stm32f1xx_hal_can.o
                0x0000000008002e76                HAL_CAN_TxMailbox0CompleteCallback
 .text.HAL_CAN_TxMailbox1CompleteCallback
                0x0000000008002e88       0x12 ./Drivers/STM32F1xx_HAL_Driver/Src/stm32f1xx_hal_can.o
                0x0000000008002e88                HAL_CAN_TxMailbox1CompleteCallback
 .text.HAL_CAN_TxMailbox2CompleteCallback
                0x0000000008002e9a       0x12 ./Drivers/STM32F1xx_HAL_Driver/Src/stm32f1xx_hal_can.o
                0x0000000008002e9a                HAL_CAN_TxMailbox2CompleteCallback
 .text.HAL_CAN_TxMailbox0AbortCallback
                0x0000000008002eac       0x12 ./Drivers/STM32F1xx_HAL_Driver/Src/stm32f1xx_hal_can.o
                0x0000000008002eac                HAL_CAN_TxMailbox0AbortCallback
 .text.HAL_CAN_TxMailbox1AbortCallback
                0x0000000008002ebe       0x12 ./Drivers/STM32F1xx_HAL_Driver/Src/stm32f1xx_hal_can.o
                0x0000000008002ebe                HAL_CAN_TxMailbox1AbortCallback
 .text.HAL_CAN_TxMailbox2AbortCallback
                0x0000000008002ed0       0x12 ./Drivers/STM32F1xx_HAL_Driver/Src/stm32f1xx_hal_can.o
                0x0000000008002ed0                HAL_CAN_TxMailbox2AbortCallback
 .text.HAL_CAN_RxFifo0MsgPendingCallback
                0x0000000008002ee2       0x12 ./Drivers/STM32F1xx_HAL_Driver/Src/stm32f1xx_hal_can.o
                0x0000000008002ee2                HAL_CAN_RxFifo0MsgPendingCallback
 .text.HAL_CAN_RxFifo0FullCallback
                0x0000000008002ef4       0x12 ./Drivers/STM32F1xx_HAL_Driver/Src/stm32f1xx_hal_can.o
                0x0000000008002ef4                HAL_CAN_RxFifo0FullCallback
 .text.HAL_CAN_RxFifo1FullCallback
                0x0000000008002f06       0x12 ./Drivers/STM32F1xx_HAL_Driver/Src/stm32f1xx_hal_can.o
                0x0000000008002f06                HAL_CAN_RxFifo1FullCallback
 .text.HAL_CAN_SleepCallback
                0x0000000008002f18       0x12 ./Drivers/STM32F1xx_HAL_Driver/Src/stm32f1xx_hal_can.o
                0x0000000008002f18                HAL_CAN_SleepCallback
 .text.HAL_CAN_WakeUpFromRxMsgCallback
                0x0000000008002f2a       0x12 ./Drivers/STM32F1xx_HAL_Driver/Src/stm32f1xx_hal_can.o
                0x0000000008002f2a                HAL_CAN_WakeUpFromRxMsgCallback
 .text.HAL_CAN_ErrorCallback
                0x0000000008002f3c       0x12 ./Drivers/STM32F1xx_HAL_Driver/Src/stm32f1xx_hal_can.o
                0x0000000008002f3c                HAL_CAN_ErrorCallback
 *fill*         0x0000000008002f4e        0x2 
 .text.__NVIC_SetPriorityGrouping
                0x0000000008002f50       0x48 ./Drivers/STM32F1xx_HAL_Driver/Src/stm32f1xx_hal_cortex.o
 .text.__NVIC_GetPriorityGrouping
                0x0000000008002f98       0x1c ./Drivers/STM32F1xx_HAL_Driver/Src/stm32f1xx_hal_cortex.o
 .text.__NVIC_EnableIRQ
                0x0000000008002fb4       0x38 ./Drivers/STM32F1xx_HAL_Driver/Src/stm32f1xx_hal_cortex.o
 .text.__NVIC_SetPriority
                0x0000000008002fec       0x54 ./Drivers/STM32F1xx_HAL_Driver/Src/stm32f1xx_hal_cortex.o
 .text.NVIC_EncodePriority
                0x0000000008003040       0x64 ./Drivers/STM32F1xx_HAL_Driver/Src/stm32f1xx_hal_cortex.o
 .text.SysTick_Config
                0x00000000080030a4       0x44 ./Drivers/STM32F1xx_HAL_Driver/Src/stm32f1xx_hal_cortex.o
 .text.HAL_NVIC_SetPriorityGrouping
                0x00000000080030e8       0x16 ./Drivers/STM32F1xx_HAL_Driver/Src/stm32f1xx_hal_cortex.o
                0x00000000080030e8                HAL_NVIC_SetPriorityGrouping
 .text.HAL_NVIC_SetPriority
                0x00000000080030fe       0x38 ./Drivers/STM32F1xx_HAL_Driver/Src/stm32f1xx_hal_cortex.o
                0x00000000080030fe                HAL_NVIC_SetPriority
 .text.HAL_NVIC_EnableIRQ
                0x0000000008003136       0x1c ./Drivers/STM32F1xx_HAL_Driver/Src/stm32f1xx_hal_cortex.o
                0x0000000008003136                HAL_NVIC_EnableIRQ
 .text.HAL_SYSTICK_Config
                0x0000000008003152       0x18 ./Drivers/STM32F1xx_HAL_Driver/Src/stm32f1xx_hal_cortex.o
                0x0000000008003152                HAL_SYSTICK_Config
 *fill*         0x000000000800316a        0x2 
 .text.HAL_GPIO_Init
                0x000000000800316c      0x308 ./Drivers/STM32F1xx_HAL_Driver/Src/stm32f1xx_hal_gpio.o
                0x000000000800316c                HAL_GPIO_Init
 .text.HAL_RCC_OscConfig
                0x0000000008003474      0x504 ./Drivers/STM32F1xx_HAL_Driver/Src/stm32f1xx_hal_rcc.o
                0x0000000008003474                HAL_RCC_OscConfig
 .text.HAL_RCC_ClockConfig
                0x0000000008003978      0x1d4 ./Drivers/STM32F1xx_HAL_Driver/Src/stm32f1xx_hal_rcc.o
                0x0000000008003978                HAL_RCC_ClockConfig
 .text.HAL_RCC_GetSysClockFreq
                0x0000000008003b4c       0xa8 ./Drivers/STM32F1xx_HAL_Driver/Src/stm32f1xx_hal_rcc.o
                0x0000000008003b4c                HAL_RCC_GetSysClockFreq
 .text.RCC_Delay
                0x0000000008003bf4       0x3c ./Drivers/STM32F1xx_HAL_Driver/Src/stm32f1xx_hal_rcc.o
 .text.HAL_TIM_Base_Init
                0x0000000008003c30       0x9e ./Drivers/STM32F1xx_HAL_Driver/Src/stm32f1xx_hal_tim.o
                0x0000000008003c30                HAL_TIM_Base_Init
 *fill*         0x0000000008003cce        0x2 
 .text.HAL_TIM_Base_Start_IT
                0x0000000008003cd0       0xa4 ./Drivers/STM32F1xx_HAL_Driver/Src/stm32f1xx_hal_tim.o
                0x0000000008003cd0                HAL_TIM_Base_Start_IT
 .text.HAL_TIM_PWM_Init
                0x0000000008003d74       0x9e ./Drivers/STM32F1xx_HAL_Driver/Src/stm32f1xx_hal_tim.o
                0x0000000008003d74                HAL_TIM_PWM_Init
 *fill*         0x0000000008003e12        0x2 
 .text.HAL_TIM_PWM_Start
                0x0000000008003e14      0x144 ./Drivers/STM32F1xx_HAL_Driver/Src/stm32f1xx_hal_tim.o
                0x0000000008003e14                HAL_TIM_PWM_Start
 .text.HAL_TIM_Encoder_Init
                0x0000000008003f58      0x144 ./Drivers/STM32F1xx_HAL_Driver/Src/stm32f1xx_hal_tim.o
                0x0000000008003f58                HAL_TIM_Encoder_Init
 .text.HAL_TIM_Encoder_Start
                0x000000000800409c      0x11c ./Drivers/STM32F1xx_HAL_Driver/Src/stm32f1xx_hal_tim.o
                0x000000000800409c                HAL_TIM_Encoder_Start
 .text.HAL_TIM_IRQHandler
                0x00000000080041b8      0x210 ./Drivers/STM32F1xx_HAL_Driver/Src/stm32f1xx_hal_tim.o
                0x00000000080041b8                HAL_TIM_IRQHandler
 .text.HAL_TIM_PWM_ConfigChannel
                0x00000000080043c8      0x184 ./Drivers/STM32F1xx_HAL_Driver/Src/stm32f1xx_hal_tim.o
                0x00000000080043c8                HAL_TIM_PWM_ConfigChannel
 .text.HAL_TIM_ConfigClockSource
                0x000000000800454c      0x18e ./Drivers/STM32F1xx_HAL_Driver/Src/stm32f1xx_hal_tim.o
                0x000000000800454c                HAL_TIM_ConfigClockSource
 .text.HAL_TIM_OC_DelayElapsedCallback
                0x00000000080046da       0x12 ./Drivers/STM32F1xx_HAL_Driver/Src/stm32f1xx_hal_tim.o
                0x00000000080046da                HAL_TIM_OC_DelayElapsedCallback
 .text.HAL_TIM_IC_CaptureCallback
                0x00000000080046ec       0x12 ./Drivers/STM32F1xx_HAL_Driver/Src/stm32f1xx_hal_tim.o
                0x00000000080046ec                HAL_TIM_IC_CaptureCallback
 .text.HAL_TIM_PWM_PulseFinishedCallback
                0x00000000080046fe       0x12 ./Drivers/STM32F1xx_HAL_Driver/Src/stm32f1xx_hal_tim.o
                0x00000000080046fe                HAL_TIM_PWM_PulseFinishedCallback
 .text.HAL_TIM_TriggerCallback
                0x0000000008004710       0x12 ./Drivers/STM32F1xx_HAL_Driver/Src/stm32f1xx_hal_tim.o
                0x0000000008004710                HAL_TIM_TriggerCallback
 *fill*         0x0000000008004722        0x2 
 .text.TIM_Base_SetConfig
                0x0000000008004724       0xc4 ./Drivers/STM32F1xx_HAL_Driver/Src/stm32f1xx_hal_tim.o
                0x0000000008004724                TIM_Base_SetConfig
 .text.TIM_OC1_SetConfig
                0x00000000080047e8       0xcc ./Drivers/STM32F1xx_HAL_Driver/Src/stm32f1xx_hal_tim.o
 .text.TIM_OC2_SetConfig
                0x00000000080048b4       0xd4 ./Drivers/STM32F1xx_HAL_Driver/Src/stm32f1xx_hal_tim.o
                0x00000000080048b4                TIM_OC2_SetConfig
 .text.TIM_OC3_SetConfig
                0x0000000008004988       0xd4 ./Drivers/STM32F1xx_HAL_Driver/Src/stm32f1xx_hal_tim.o
 .text.TIM_OC4_SetConfig
                0x0000000008004a5c       0x9c ./Drivers/STM32F1xx_HAL_Driver/Src/stm32f1xx_hal_tim.o
 .text.TIM_TI1_ConfigInputStage
                0x0000000008004af8       0x5c ./Drivers/STM32F1xx_HAL_Driver/Src/stm32f1xx_hal_tim.o
 .text.TIM_TI2_ConfigInputStage
                0x0000000008004b54       0x5e ./Drivers/STM32F1xx_HAL_Driver/Src/stm32f1xx_hal_tim.o
 .text.TIM_ITRx_SetConfig
                0x0000000008004bb2       0x34 ./Drivers/STM32F1xx_HAL_Driver/Src/stm32f1xx_hal_tim.o
 .text.TIM_ETR_SetConfig
                0x0000000008004be6       0x3e ./Drivers/STM32F1xx_HAL_Driver/Src/stm32f1xx_hal_tim.o
                0x0000000008004be6                TIM_ETR_SetConfig
 .text.TIM_CCxChannelCmd
                0x0000000008004c24       0x48 ./Drivers/STM32F1xx_HAL_Driver/Src/stm32f1xx_hal_tim.o
                0x0000000008004c24                TIM_CCxChannelCmd
 .text.HAL_TIMEx_MasterConfigSynchronization
                0x0000000008004c6c       0xbc ./Drivers/STM32F1xx_HAL_Driver/Src/stm32f1xx_hal_tim_ex.o
                0x0000000008004c6c                HAL_TIMEx_MasterConfigSynchronization
 .text.HAL_TIMEx_ConfigBreakDeadTime
                0x0000000008004d28       0xa2 ./Drivers/STM32F1xx_HAL_Driver/Src/stm32f1xx_hal_tim_ex.o
                0x0000000008004d28                HAL_TIMEx_ConfigBreakDeadTime
 .text.HAL_TIMEx_CommutCallback
                0x0000000008004dca       0x12 ./Drivers/STM32F1xx_HAL_Driver/Src/stm32f1xx_hal_tim_ex.o
                0x0000000008004dca                HAL_TIMEx_CommutCallback
 .text.HAL_TIMEx_BreakCallback
                0x0000000008004ddc       0x12 ./Drivers/STM32F1xx_HAL_Driver/Src/stm32f1xx_hal_tim_ex.o
                0x0000000008004ddc                HAL_TIMEx_BreakCallback
 *fill*         0x0000000008004dee        0x2 
 .text.__libc_init_array
                0x0000000008004df0       0x48 /opt/st/stm32cubeide_1.12.0/plugins/com.st.stm32cube.ide.mcu.externaltools.gnu-tools-for-stm32.10.3-2021.10.linux64_1.0.200.202301161003/tools/bin/../lib/gcc/arm-none-eabi/10.3.1/../../../../arm-none-eabi/lib/thumb/v7-m/nofp/libc_nano.a(lib_a-init.o)
                0x0000000008004df0                __libc_init_array
 .text.memset   0x0000000008004e38       0x10 /opt/st/stm32cubeide_1.12.0/plugins/com.st.stm32cube.ide.mcu.externaltools.gnu-tools-for-stm32.10.3-2021.10.linux64_1.0.200.202301161003/tools/bin/../lib/gcc/arm-none-eabi/10.3.1/../../../../arm-none-eabi/lib/thumb/v7-m/nofp/libc_nano.a(lib_a-memset.o)
                0x0000000008004e38                memset
 .text.cosf     0x0000000008004e48       0x70 /opt/st/stm32cubeide_1.12.0/plugins/com.st.stm32cube.ide.mcu.externaltools.gnu-tools-for-stm32.10.3-2021.10.linux64_1.0.200.202301161003/tools/bin/../lib/gcc/arm-none-eabi/10.3.1/../../../../arm-none-eabi/lib/thumb/v7-m/nofp/libm.a(lib_a-sf_cos.o)
                0x0000000008004e48                cosf
 .text.sinf     0x0000000008004eb8       0x74 /opt/st/stm32cubeide_1.12.0/plugins/com.st.stm32cube.ide.mcu.externaltools.gnu-tools-for-stm32.10.3-2021.10.linux64_1.0.200.202301161003/tools/bin/../lib/gcc/arm-none-eabi/10.3.1/../../../../arm-none-eabi/lib/thumb/v7-m/nofp/libm.a(lib_a-sf_sin.o)
                0x0000000008004eb8                sinf
 .text.__ieee754_rem_pio2f
                0x0000000008004f2c      0x2bc /opt/st/stm32cubeide_1.12.0/plugins/com.st.stm32cube.ide.mcu.externaltools.gnu-tools-for-stm32.10.3-2021.10.linux64_1.0.200.202301161003/tools/bin/../lib/gcc/arm-none-eabi/10.3.1/../../../../arm-none-eabi/lib/thumb/v7-m/nofp/libm.a(lib_a-ef_rem_pio2.o)
                0x0000000008004f2c                __ieee754_rem_pio2f
 .text.__kernel_cosf
                0x00000000080051e8      0x100 /opt/st/stm32cubeide_1.12.0/plugins/com.st.stm32cube.ide.mcu.externaltools.gnu-tools-for-stm32.10.3-2021.10.linux64_1.0.200.202301161003/tools/bin/../lib/gcc/arm-none-eabi/10.3.1/../../../../arm-none-eabi/lib/thumb/v7-m/nofp/libm.a(lib_a-kf_cos.o)
                0x00000000080051e8                __kernel_cosf
 .text.__kernel_rem_pio2f
                0x00000000080052e8      0x564 /opt/st/stm32cubeide_1.12.0/plugins/com.st.stm32cube.ide.mcu.externaltools.gnu-tools-for-stm32.10.3-2021.10.linux64_1.0.200.202301161003/tools/bin/../lib/gcc/arm-none-eabi/10.3.1/../../../../arm-none-eabi/lib/thumb/v7-m/nofp/libm.a(lib_a-kf_rem_pio2.o)
                0x00000000080052e8                __kernel_rem_pio2f
 .text.__kernel_sinf
                0x000000000800584c       0xec /opt/st/stm32cubeide_1.12.0/plugins/com.st.stm32cube.ide.mcu.externaltools.gnu-tools-for-stm32.10.3-2021.10.linux64_1.0.200.202301161003/tools/bin/../lib/gcc/arm-none-eabi/10.3.1/../../../../arm-none-eabi/lib/thumb/v7-m/nofp/libm.a(lib_a-kf_sin.o)
                0x000000000800584c                __kernel_sinf
 .text.fabsf    0x0000000008005938        0x6 /opt/st/stm32cubeide_1.12.0/plugins/com.st.stm32cube.ide.mcu.externaltools.gnu-tools-for-stm32.10.3-2021.10.linux64_1.0.200.202301161003/tools/bin/../lib/gcc/arm-none-eabi/10.3.1/../../../../arm-none-eabi/lib/thumb/v7-m/nofp/libm.a(lib_a-sf_fabs.o)
                0x0000000008005938                fabsf
 *fill*         0x000000000800593e        0x2 
 .text.floorf   0x0000000008005940       0x84 /opt/st/stm32cubeide_1.12.0/plugins/com.st.stm32cube.ide.mcu.externaltools.gnu-tools-for-stm32.10.3-2021.10.linux64_1.0.200.202301161003/tools/bin/../lib/gcc/arm-none-eabi/10.3.1/../../../../arm-none-eabi/lib/thumb/v7-m/nofp/libm.a(lib_a-sf_floor.o)
                0x0000000008005940                floorf
 .text.scalbnf  0x00000000080059c4       0x98 /opt/st/stm32cubeide_1.12.0/plugins/com.st.stm32cube.ide.mcu.externaltools.gnu-tools-for-stm32.10.3-2021.10.linux64_1.0.200.202301161003/tools/bin/../lib/gcc/arm-none-eabi/10.3.1/../../../../arm-none-eabi/lib/thumb/v7-m/nofp/libm.a(lib_a-sf_scalbn.o)
                0x00000000080059c4                scalbnf
 *(.glue_7)
 .glue_7        0x0000000008005a5c        0x0 linker stubs
 *(.glue_7t)
 .glue_7t       0x0000000008005a5c        0x0 linker stubs
 *(.eh_frame)
 .eh_frame      0x0000000008005a5c        0x0 /opt/st/stm32cubeide_1.12.0/plugins/com.st.stm32cube.ide.mcu.externaltools.gnu-tools-for-stm32.10.3-2021.10.linux64_1.0.200.202301161003/tools/bin/../lib/gcc/arm-none-eabi/10.3.1/thumb/v7-m/nofp/crtbegin.o
 *(.init)
 .init          0x0000000008005a5c        0x4 /opt/st/stm32cubeide_1.12.0/plugins/com.st.stm32cube.ide.mcu.externaltools.gnu-tools-for-stm32.10.3-2021.10.linux64_1.0.200.202301161003/tools/bin/../lib/gcc/arm-none-eabi/10.3.1/thumb/v7-m/nofp/crti.o
                0x0000000008005a5c                _init
 .init          0x0000000008005a60        0x8 /opt/st/stm32cubeide_1.12.0/plugins/com.st.stm32cube.ide.mcu.externaltools.gnu-tools-for-stm32.10.3-2021.10.linux64_1.0.200.202301161003/tools/bin/../lib/gcc/arm-none-eabi/10.3.1/thumb/v7-m/nofp/crtn.o
 *(.fini)
 .fini          0x0000000008005a68        0x4 /opt/st/stm32cubeide_1.12.0/plugins/com.st.stm32cube.ide.mcu.externaltools.gnu-tools-for-stm32.10.3-2021.10.linux64_1.0.200.202301161003/tools/bin/../lib/gcc/arm-none-eabi/10.3.1/thumb/v7-m/nofp/crti.o
                0x0000000008005a68                _fini
 .fini          0x0000000008005a6c        0x8 /opt/st/stm32cubeide_1.12.0/plugins/com.st.stm32cube.ide.mcu.externaltools.gnu-tools-for-stm32.10.3-2021.10.linux64_1.0.200.202301161003/tools/bin/../lib/gcc/arm-none-eabi/10.3.1/thumb/v7-m/nofp/crtn.o
                0x0000000008005a74                . = ALIGN (0x4)
                0x0000000008005a74                _etext = .

.vfp11_veneer   0x0000000008005a74        0x0
 .vfp11_veneer  0x0000000008005a74        0x0 linker stubs

.v4_bx          0x0000000008005a74        0x0
 .v4_bx         0x0000000008005a74        0x0 linker stubs

.iplt           0x0000000008005a74        0x0
 .iplt          0x0000000008005a74        0x0 /opt/st/stm32cubeide_1.12.0/plugins/com.st.stm32cube.ide.mcu.externaltools.gnu-tools-for-stm32.10.3-2021.10.linux64_1.0.200.202301161003/tools/bin/../lib/gcc/arm-none-eabi/10.3.1/thumb/v7-m/nofp/crtbegin.o

.rodata         0x0000000008005a74      0x3f4
                0x0000000008005a74                . = ALIGN (0x4)
 *(.rodata)
 *(.rodata*)
 .rodata.AHBPrescTable
                0x0000000008005a74       0x10 ./Core/Src/system_stm32f1xx.o
                0x0000000008005a74                AHBPrescTable
 .rodata.aPLLMULFactorTable.1
                0x0000000008005a84       0x10 ./Drivers/STM32F1xx_HAL_Driver/Src/stm32f1xx_hal_rcc.o
 .rodata.aPredivFactorTable.0
                0x0000000008005a94        0x2 ./Drivers/STM32F1xx_HAL_Driver/Src/stm32f1xx_hal_rcc.o
 *fill*         0x0000000008005a96        0x2 
 .rodata.npio2_hw
                0x0000000008005a98       0x80 /opt/st/stm32cubeide_1.12.0/plugins/com.st.stm32cube.ide.mcu.externaltools.gnu-tools-for-stm32.10.3-2021.10.linux64_1.0.200.202301161003/tools/bin/../lib/gcc/arm-none-eabi/10.3.1/../../../../arm-none-eabi/lib/thumb/v7-m/nofp/libm.a(lib_a-ef_rem_pio2.o)
 .rodata.two_over_pi
                0x0000000008005b18      0x318 /opt/st/stm32cubeide_1.12.0/plugins/com.st.stm32cube.ide.mcu.externaltools.gnu-tools-for-stm32.10.3-2021.10.linux64_1.0.200.202301161003/tools/bin/../lib/gcc/arm-none-eabi/10.3.1/../../../../arm-none-eabi/lib/thumb/v7-m/nofp/libm.a(lib_a-ef_rem_pio2.o)
 .rodata.PIo2   0x0000000008005e30       0x2c /opt/st/stm32cubeide_1.12.0/plugins/com.st.stm32cube.ide.mcu.externaltools.gnu-tools-for-stm32.10.3-2021.10.linux64_1.0.200.202301161003/tools/bin/../lib/gcc/arm-none-eabi/10.3.1/../../../../arm-none-eabi/lib/thumb/v7-m/nofp/libm.a(lib_a-kf_rem_pio2.o)
 .rodata.init_jk
                0x0000000008005e5c        0xc /opt/st/stm32cubeide_1.12.0/plugins/com.st.stm32cube.ide.mcu.externaltools.gnu-tools-for-stm32.10.3-2021.10.linux64_1.0.200.202301161003/tools/bin/../lib/gcc/arm-none-eabi/10.3.1/../../../../arm-none-eabi/lib/thumb/v7-m/nofp/libm.a(lib_a-kf_rem_pio2.o)
                0x0000000008005e68                . = ALIGN (0x4)

.rel.dyn        0x0000000008005e68        0x0
 .rel.iplt      0x0000000008005e68        0x0 /opt/st/stm32cubeide_1.12.0/plugins/com.st.stm32cube.ide.mcu.externaltools.gnu-tools-for-stm32.10.3-2021.10.linux64_1.0.200.202301161003/tools/bin/../lib/gcc/arm-none-eabi/10.3.1/thumb/v7-m/nofp/crtbegin.o

.ARM.extab      0x0000000008005e68        0x0
                0x0000000008005e68                . = ALIGN (0x4)
 *(.ARM.extab* .gnu.linkonce.armextab.*)
                0x0000000008005e68                . = ALIGN (0x4)

.ARM            0x0000000008005e68        0x0
                0x0000000008005e68                . = ALIGN (0x4)
                0x0000000008005e68                __exidx_start = .
 *(.ARM.exidx*)
                0x0000000008005e68                __exidx_end = .
                0x0000000008005e68                . = ALIGN (0x4)

.preinit_array  0x0000000008005e68        0x0
                0x0000000008005e68                . = ALIGN (0x4)
                0x0000000008005e68                PROVIDE (__preinit_array_start = .)
 *(.preinit_array*)
                0x0000000008005e68                PROVIDE (__preinit_array_end = .)
                0x0000000008005e68                . = ALIGN (0x4)

.init_array     0x0000000008005e68        0x4
                0x0000000008005e68                . = ALIGN (0x4)
                0x0000000008005e68                PROVIDE (__init_array_start = .)
 *(SORT_BY_NAME(.init_array.*))
 *(.init_array*)
 .init_array    0x0000000008005e68        0x4 /opt/st/stm32cubeide_1.12.0/plugins/com.st.stm32cube.ide.mcu.externaltools.gnu-tools-for-stm32.10.3-2021.10.linux64_1.0.200.202301161003/tools/bin/../lib/gcc/arm-none-eabi/10.3.1/thumb/v7-m/nofp/crtbegin.o
                0x0000000008005e6c                PROVIDE (__init_array_end = .)
                0x0000000008005e6c                . = ALIGN (0x4)

.fini_array     0x0000000008005e6c        0x4
                0x0000000008005e6c                . = ALIGN (0x4)
                [!provide]                        PROVIDE (__fini_array_start = .)
 *(SORT_BY_NAME(.fini_array.*))
 *(.fini_array*)
 .fini_array    0x0000000008005e6c        0x4 /opt/st/stm32cubeide_1.12.0/plugins/com.st.stm32cube.ide.mcu.externaltools.gnu-tools-for-stm32.10.3-2021.10.linux64_1.0.200.202301161003/tools/bin/../lib/gcc/arm-none-eabi/10.3.1/thumb/v7-m/nofp/crtbegin.o
                [!provide]                        PROVIDE (__fini_array_end = .)
                0x0000000008005e70                . = ALIGN (0x4)
                0x0000000008005e70                _sidata = LOADADDR (.data)

.data           0x0000000020000000        0xc load address 0x0000000008005e70
                0x0000000020000000                . = ALIGN (0x4)
                0x0000000020000000                _sdata = .
 *(.data)
 *(.data*)
 .data.SystemCoreClock
                0x0000000020000000        0x4 ./Core/Src/system_stm32f1xx.o
                0x0000000020000000                SystemCoreClock
 .data.uwTickPrio
                0x0000000020000004        0x4 ./Drivers/STM32F1xx_HAL_Driver/Src/stm32f1xx_hal.o
                0x0000000020000004                uwTickPrio
 .data.uwTickFreq
                0x0000000020000008        0x1 ./Drivers/STM32F1xx_HAL_Driver/Src/stm32f1xx_hal.o
                0x0000000020000008                uwTickFreq
 *(.RamFunc)
 *(.RamFunc*)
                0x000000002000000c                . = ALIGN (0x4)
 *fill*         0x0000000020000009        0x3 
                0x000000002000000c                _edata = .

.igot.plt       0x000000002000000c        0x0 load address 0x0000000008005e7c
 .igot.plt      0x000000002000000c        0x0 /opt/st/stm32cubeide_1.12.0/plugins/com.st.stm32cube.ide.mcu.externaltools.gnu-tools-for-stm32.10.3-2021.10.linux64_1.0.200.202301161003/tools/bin/../lib/gcc/arm-none-eabi/10.3.1/thumb/v7-m/nofp/crtbegin.o
                0x000000002000000c                . = ALIGN (0x4)

.bss            0x000000002000000c      0x278 load address 0x0000000008005e7c
                0x000000002000000c                _sbss = .
                0x000000002000000c                __bss_start__ = _sbss
 *(.bss)
 .bss           0x000000002000000c       0x1c /opt/st/stm32cubeide_1.12.0/plugins/com.st.stm32cube.ide.mcu.externaltools.gnu-tools-for-stm32.10.3-2021.10.linux64_1.0.200.202301161003/tools/bin/../lib/gcc/arm-none-eabi/10.3.1/thumb/v7-m/nofp/crtbegin.o
 *(.bss*)
 .bss.hcan      0x0000000020000028       0x28 ./Core/Src/can.o
                0x0000000020000028                hcan
 .bss.MPID      0x0000000020000050       0x68 ./Core/Src/main.o
                0x0000000020000050                MPID
 .bss.RxHeader  0x00000000200000b8       0x1c ./Core/Src/main.o
                0x00000000200000b8                RxHeader
 .bss.TxHeader  0x00000000200000d4       0x18 ./Core/Src/main.o
                0x00000000200000d4                TxHeader
 .bss.RxData    0x00000000200000ec        0x8 ./Core/Src/main.o
                0x00000000200000ec                RxData
 .bss.flag      0x00000000200000f4        0x4 ./Core/Src/main.o
                0x00000000200000f4                flag
 .bss.cntt      0x00000000200000f8        0x1 ./Core/Src/main.o
                0x00000000200000f8                cntt
 *fill*         0x00000000200000f9        0x3 
 .bss.RxData2   0x00000000200000fc        0x4 ./Core/Src/main.o
                0x00000000200000fc                RxData2
 .bss.RxData3   0x0000000020000100        0x4 ./Core/Src/main.o
                0x0000000020000100                RxData3
 .bss.count     0x0000000020000104        0x4 ./Core/Src/main.o
                0x0000000020000104                count
 .bss.new_count
                0x0000000020000108        0x4 ./Core/Src/main.o
                0x0000000020000108                new_count
 .bss.count_state
                0x000000002000010c        0x2 ./Core/Src/main.o
                0x000000002000010c                count_state
 *fill*         0x000000002000010e        0x2 
 .bss.diff      0x0000000020000110        0x4 ./Core/Src/main.o
                0x0000000020000110                diff
 .bss.speedM    0x0000000020000114        0x8 ./Core/Src/main.o
                0x0000000020000114                speedM
 .bss.rdps      0x000000002000011c        0x8 ./Core/Src/main.o
                0x000000002000011c                rdps
 .bss.Motor1_speed
                0x0000000020000124        0x4 ./Core/Src/main.o
                0x0000000020000124                Motor1_speed
 .bss.Motor2_speed
                0x0000000020000128        0x4 ./Core/Src/main.o
                0x0000000020000128                Motor2_speed
 .bss.pwm1      0x000000002000012c        0x4 ./Core/Src/main.o
                0x000000002000012c                pwm1
 .bss.pwm2      0x0000000020000130        0x4 ./Core/Src/main.o
                0x0000000020000130                pwm2
 .bss.V_shooter
                0x0000000020000134        0x4 ./Core/Src/main.o
                0x0000000020000134                V_shooter
 .bss.V_shooter2
                0x0000000020000138        0x4 ./Core/Src/main.o
                0x0000000020000138                V_shooter2
 .bss.Vx        0x000000002000013c        0x4 ./Core/Src/main.o
                0x000000002000013c                Vx
 .bss.Vy        0x0000000020000140        0x4 ./Core/Src/main.o
                0x0000000020000140                Vy
 .bss.Omega     0x0000000020000144        0x4 ./Core/Src/main.o
                0x0000000020000144                Omega
 .bss.X         0x0000000020000148        0x4 ./Core/Src/main.o
                0x0000000020000148                X
 .bss.Y         0x000000002000014c        0x4 ./Core/Src/main.o
                0x000000002000014c                Y
 .bss.Yaw       0x0000000020000150        0x4 ./Core/Src/main.o
                0x0000000020000150                Yaw
 .bss.laserX    0x0000000020000154        0x4 ./Core/Src/main.o
                0x0000000020000154                laserX
 .bss.laserY    0x0000000020000158        0x4 ./Core/Src/main.o
                0x0000000020000158                laserY
 .bss.state     0x000000002000015c        0x1 ./Core/Src/main.o
                0x000000002000015c                state
 .bss.ball_pur  0x000000002000015d        0x1 ./Core/Src/main.o
                0x000000002000015d                ball_pur
 .bss.check_ballinside
                0x000000002000015e        0x1 ./Core/Src/main.o
                0x000000002000015e                check_ballinside
 *fill*         0x000000002000015f        0x1 
 .bss.htim1     0x0000000020000160       0x48 ./Core/Src/tim.o
                0x0000000020000160                htim1
 .bss.htim2     0x00000000200001a8       0x48 ./Core/Src/tim.o
                0x00000000200001a8                htim2
 .bss.htim3     0x00000000200001f0       0x48 ./Core/Src/tim.o
                0x00000000200001f0                htim3
 .bss.htim4     0x0000000020000238       0x48 ./Core/Src/tim.o
                0x0000000020000238                htim4
 .bss.uwTick    0x0000000020000280        0x4 ./Drivers/STM32F1xx_HAL_Driver/Src/stm32f1xx_hal.o
                0x0000000020000280                uwTick
 *(COMMON)
                0x0000000020000284                . = ALIGN (0x4)
                0x0000000020000284                _ebss = .
                0x0000000020000284                __bss_end__ = _ebss

._user_heap_stack
                0x0000000020000284      0x604 load address 0x0000000008005e7c
                0x0000000020000288                . = ALIGN (0x8)
 *fill*         0x0000000020000284        0x4 
                [!provide]                        PROVIDE (end = .)
                0x0000000020000288                PROVIDE (_end = .)
                0x0000000020000488                . = (. + _Min_Heap_Size)
 *fill*         0x0000000020000288      0x200 
                0x0000000020000888                . = (. + _Min_Stack_Size)
 *fill*         0x0000000020000488      0x400 
                0x0000000020000888                . = ALIGN (0x8)

/DISCARD/
 libc.a(*)
 libm.a(*)
 libgcc.a(*)

.ARM.attributes
                0x0000000000000000       0x29
 *(.ARM.attributes)
 .ARM.attributes
                0x0000000000000000       0x1d /opt/st/stm32cubeide_1.12.0/plugins/com.st.stm32cube.ide.mcu.externaltools.gnu-tools-for-stm32.10.3-2021.10.linux64_1.0.200.202301161003/tools/bin/../lib/gcc/arm-none-eabi/10.3.1/thumb/v7-m/nofp/crti.o
 .ARM.attributes
                0x000000000000001d       0x2d /opt/st/stm32cubeide_1.12.0/plugins/com.st.stm32cube.ide.mcu.externaltools.gnu-tools-for-stm32.10.3-2021.10.linux64_1.0.200.202301161003/tools/bin/../lib/gcc/arm-none-eabi/10.3.1/thumb/v7-m/nofp/crtbegin.o
 .ARM.attributes
                0x000000000000004a       0x2d ./Core/Src/PID.o
 .ARM.attributes
                0x0000000000000077       0x2d ./Core/Src/can.o
 .ARM.attributes
                0x00000000000000a4       0x2d ./Core/Src/gpio.o
 .ARM.attributes
                0x00000000000000d1       0x2d ./Core/Src/main.o
 .ARM.attributes
                0x00000000000000fe       0x2d ./Core/Src/stm32f1xx_hal_msp.o
 .ARM.attributes
                0x000000000000012b       0x2d ./Core/Src/stm32f1xx_it.o
 .ARM.attributes
                0x0000000000000158       0x2d ./Core/Src/system_stm32f1xx.o
 .ARM.attributes
                0x0000000000000185       0x2d ./Core/Src/tim.o
 .ARM.attributes
                0x00000000000001b2       0x21 ./Core/Startup/startup_stm32f103cbtx.o
 .ARM.attributes
                0x00000000000001d3       0x2d ./Drivers/STM32F1xx_HAL_Driver/Src/stm32f1xx_hal.o
 .ARM.attributes
                0x0000000000000200       0x2d ./Drivers/STM32F1xx_HAL_Driver/Src/stm32f1xx_hal_can.o
 .ARM.attributes
                0x000000000000022d       0x2d ./Drivers/STM32F1xx_HAL_Driver/Src/stm32f1xx_hal_cortex.o
 .ARM.attributes
                0x000000000000025a       0x2d ./Drivers/STM32F1xx_HAL_Driver/Src/stm32f1xx_hal_gpio.o
 .ARM.attributes
                0x0000000000000287       0x2d ./Drivers/STM32F1xx_HAL_Driver/Src/stm32f1xx_hal_rcc.o
 .ARM.attributes
                0x00000000000002b4       0x2d ./Drivers/STM32F1xx_HAL_Driver/Src/stm32f1xx_hal_tim.o
 .ARM.attributes
                0x00000000000002e1       0x2d ./Drivers/STM32F1xx_HAL_Driver/Src/stm32f1xx_hal_tim_ex.o
 .ARM.attributes
                0x000000000000030e       0x2d /opt/st/stm32cubeide_1.12.0/plugins/com.st.stm32cube.ide.mcu.externaltools.gnu-tools-for-stm32.10.3-2021.10.linux64_1.0.200.202301161003/tools/bin/../lib/gcc/arm-none-eabi/10.3.1/../../../../arm-none-eabi/lib/thumb/v7-m/nofp/libc_nano.a(lib_a-init.o)
 .ARM.attributes
                0x000000000000033b       0x2d /opt/st/stm32cubeide_1.12.0/plugins/com.st.stm32cube.ide.mcu.externaltools.gnu-tools-for-stm32.10.3-2021.10.linux64_1.0.200.202301161003/tools/bin/../lib/gcc/arm-none-eabi/10.3.1/../../../../arm-none-eabi/lib/thumb/v7-m/nofp/libc_nano.a(lib_a-memset.o)
 .ARM.attributes
                0x0000000000000368       0x2d /opt/st/stm32cubeide_1.12.0/plugins/com.st.stm32cube.ide.mcu.externaltools.gnu-tools-for-stm32.10.3-2021.10.linux64_1.0.200.202301161003/tools/bin/../lib/gcc/arm-none-eabi/10.3.1/../../../../arm-none-eabi/lib/thumb/v7-m/nofp/libm.a(lib_a-sf_cos.o)
 .ARM.attributes
                0x0000000000000395       0x2d /opt/st/stm32cubeide_1.12.0/plugins/com.st.stm32cube.ide.mcu.externaltools.gnu-tools-for-stm32.10.3-2021.10.linux64_1.0.200.202301161003/tools/bin/../lib/gcc/arm-none-eabi/10.3.1/../../../../arm-none-eabi/lib/thumb/v7-m/nofp/libm.a(lib_a-sf_sin.o)
 .ARM.attributes
                0x00000000000003c2       0x2d /opt/st/stm32cubeide_1.12.0/plugins/com.st.stm32cube.ide.mcu.externaltools.gnu-tools-for-stm32.10.3-2021.10.linux64_1.0.200.202301161003/tools/bin/../lib/gcc/arm-none-eabi/10.3.1/../../../../arm-none-eabi/lib/thumb/v7-m/nofp/libm.a(lib_a-ef_rem_pio2.o)
 .ARM.attributes
                0x00000000000003ef       0x2d /opt/st/stm32cubeide_1.12.0/plugins/com.st.stm32cube.ide.mcu.externaltools.gnu-tools-for-stm32.10.3-2021.10.linux64_1.0.200.202301161003/tools/bin/../lib/gcc/arm-none-eabi/10.3.1/../../../../arm-none-eabi/lib/thumb/v7-m/nofp/libm.a(lib_a-kf_cos.o)
 .ARM.attributes
                0x000000000000041c       0x2d /opt/st/stm32cubeide_1.12.0/plugins/com.st.stm32cube.ide.mcu.externaltools.gnu-tools-for-stm32.10.3-2021.10.linux64_1.0.200.202301161003/tools/bin/../lib/gcc/arm-none-eabi/10.3.1/../../../../arm-none-eabi/lib/thumb/v7-m/nofp/libm.a(lib_a-kf_rem_pio2.o)
 .ARM.attributes
                0x0000000000000449       0x2d /opt/st/stm32cubeide_1.12.0/plugins/com.st.stm32cube.ide.mcu.externaltools.gnu-tools-for-stm32.10.3-2021.10.linux64_1.0.200.202301161003/tools/bin/../lib/gcc/arm-none-eabi/10.3.1/../../../../arm-none-eabi/lib/thumb/v7-m/nofp/libm.a(lib_a-kf_sin.o)
 .ARM.attributes
                0x0000000000000476       0x2d /opt/st/stm32cubeide_1.12.0/plugins/com.st.stm32cube.ide.mcu.externaltools.gnu-tools-for-stm32.10.3-2021.10.linux64_1.0.200.202301161003/tools/bin/../lib/gcc/arm-none-eabi/10.3.1/../../../../arm-none-eabi/lib/thumb/v7-m/nofp/libm.a(lib_a-sf_fabs.o)
 .ARM.attributes
                0x00000000000004a3       0x2d /opt/st/stm32cubeide_1.12.0/plugins/com.st.stm32cube.ide.mcu.externaltools.gnu-tools-for-stm32.10.3-2021.10.linux64_1.0.200.202301161003/tools/bin/../lib/gcc/arm-none-eabi/10.3.1/../../../../arm-none-eabi/lib/thumb/v7-m/nofp/libm.a(lib_a-sf_floor.o)
 .ARM.attributes
                0x00000000000004d0       0x2d /opt/st/stm32cubeide_1.12.0/plugins/com.st.stm32cube.ide.mcu.externaltools.gnu-tools-for-stm32.10.3-2021.10.linux64_1.0.200.202301161003/tools/bin/../lib/gcc/arm-none-eabi/10.3.1/../../../../arm-none-eabi/lib/thumb/v7-m/nofp/libm.a(lib_a-sf_scalbn.o)
 .ARM.attributes
                0x00000000000004fd       0x1d /opt/st/stm32cubeide_1.12.0/plugins/com.st.stm32cube.ide.mcu.externaltools.gnu-tools-for-stm32.10.3-2021.10.linux64_1.0.200.202301161003/tools/bin/../lib/gcc/arm-none-eabi/10.3.1/thumb/v7-m/nofp/libgcc.a(_arm_addsubdf3.o)
 .ARM.attributes
                0x000000000000051a       0x1d /opt/st/stm32cubeide_1.12.0/plugins/com.st.stm32cube.ide.mcu.externaltools.gnu-tools-for-stm32.10.3-2021.10.linux64_1.0.200.202301161003/tools/bin/../lib/gcc/arm-none-eabi/10.3.1/thumb/v7-m/nofp/libgcc.a(_arm_muldivdf3.o)
 .ARM.attributes
                0x0000000000000537       0x1d /opt/st/stm32cubeide_1.12.0/plugins/com.st.stm32cube.ide.mcu.externaltools.gnu-tools-for-stm32.10.3-2021.10.linux64_1.0.200.202301161003/tools/bin/../lib/gcc/arm-none-eabi/10.3.1/thumb/v7-m/nofp/libgcc.a(_arm_cmpdf2.o)
 .ARM.attributes
                0x0000000000000554       0x1d /opt/st/stm32cubeide_1.12.0/plugins/com.st.stm32cube.ide.mcu.externaltools.gnu-tools-for-stm32.10.3-2021.10.linux64_1.0.200.202301161003/tools/bin/../lib/gcc/arm-none-eabi/10.3.1/thumb/v7-m/nofp/libgcc.a(_arm_truncdfsf2.o)
 .ARM.attributes
                0x0000000000000571       0x1d /opt/st/stm32cubeide_1.12.0/plugins/com.st.stm32cube.ide.mcu.externaltools.gnu-tools-for-stm32.10.3-2021.10.linux64_1.0.200.202301161003/tools/bin/../lib/gcc/arm-none-eabi/10.3.1/thumb/v7-m/nofp/libgcc.a(_arm_addsubsf3.o)
 .ARM.attributes
                0x000000000000058e       0x1d /opt/st/stm32cubeide_1.12.0/plugins/com.st.stm32cube.ide.mcu.externaltools.gnu-tools-for-stm32.10.3-2021.10.linux64_1.0.200.202301161003/tools/bin/../lib/gcc/arm-none-eabi/10.3.1/thumb/v7-m/nofp/libgcc.a(_arm_muldivsf3.o)
 .ARM.attributes
                0x00000000000005ab       0x1d /opt/st/stm32cubeide_1.12.0/plugins/com.st.stm32cube.ide.mcu.externaltools.gnu-tools-for-stm32.10.3-2021.10.linux64_1.0.200.202301161003/tools/bin/../lib/gcc/arm-none-eabi/10.3.1/thumb/v7-m/nofp/libgcc.a(_arm_cmpsf2.o)
 .ARM.attributes
                0x00000000000005c8       0x1d /opt/st/stm32cubeide_1.12.0/plugins/com.st.stm32cube.ide.mcu.externaltools.gnu-tools-for-stm32.10.3-2021.10.linux64_1.0.200.202301161003/tools/bin/../lib/gcc/arm-none-eabi/10.3.1/thumb/v7-m/nofp/libgcc.a(_arm_fixsfsi.o)
 .ARM.attributes
                0x00000000000005e5       0x1d /opt/st/stm32cubeide_1.12.0/plugins/com.st.stm32cube.ide.mcu.externaltools.gnu-tools-for-stm32.10.3-2021.10.linux64_1.0.200.202301161003/tools/bin/../lib/gcc/arm-none-eabi/10.3.1/thumb/v7-m/nofp/libgcc.a(_arm_fixunssfsi.o)
 .ARM.attributes
                0x0000000000000602       0x1d /opt/st/stm32cubeide_1.12.0/plugins/com.st.stm32cube.ide.mcu.externaltools.gnu-tools-for-stm32.10.3-2021.10.linux64_1.0.200.202301161003/tools/bin/../lib/gcc/arm-none-eabi/10.3.1/thumb/v7-m/nofp/crtn.o
OUTPUT(shooter_buffalo.elf elf32-littlearm)
LOAD linker stubs
LOAD /opt/st/stm32cubeide_1.12.0/plugins/com.st.stm32cube.ide.mcu.externaltools.gnu-tools-for-stm32.10.3-2021.10.linux64_1.0.200.202301161003/tools/bin/../lib/gcc/arm-none-eabi/10.3.1/../../../../arm-none-eabi/lib/thumb/v7-m/nofp/libc.a
LOAD /opt/st/stm32cubeide_1.12.0/plugins/com.st.stm32cube.ide.mcu.externaltools.gnu-tools-for-stm32.10.3-2021.10.linux64_1.0.200.202301161003/tools/bin/../lib/gcc/arm-none-eabi/10.3.1/../../../../arm-none-eabi/lib/thumb/v7-m/nofp/libm.a
LOAD /opt/st/stm32cubeide_1.12.0/plugins/com.st.stm32cube.ide.mcu.externaltools.gnu-tools-for-stm32.10.3-2021.10.linux64_1.0.200.202301161003/tools/bin/../lib/gcc/arm-none-eabi/10.3.1/thumb/v7-m/nofp/libgcc.a

.debug_info     0x0000000000000000     0xb293
 .debug_info    0x0000000000000000      0x1dd ./Core/Src/PID.o
 .debug_info    0x00000000000001dd      0xa26 ./Core/Src/can.o
 .debug_info    0x0000000000000c03      0x19d ./Core/Src/gpio.o
 .debug_info    0x0000000000000da0     0x13ac ./Core/Src/main.o
 .debug_info    0x000000000000214c      0x210 ./Core/Src/stm32f1xx_hal_msp.o
 .debug_info    0x000000000000235c      0xaf5 ./Core/Src/stm32f1xx_it.o
 .debug_info    0x0000000000002e51      0x23d ./Core/Src/system_stm32f1xx.o
 .debug_info    0x000000000000308e      0xfcc ./Core/Src/tim.o
 .debug_info    0x000000000000405a       0x22 ./Core/Startup/startup_stm32f103cbtx.o
 .debug_info    0x000000000000407c      0x734 ./Drivers/STM32F1xx_HAL_Driver/Src/stm32f1xx_hal.o
 .debug_info    0x00000000000047b0      0xfd7 ./Drivers/STM32F1xx_HAL_Driver/Src/stm32f1xx_hal_can.o
 .debug_info    0x0000000000005787      0xb20 ./Drivers/STM32F1xx_HAL_Driver/Src/stm32f1xx_hal_cortex.o
 .debug_info    0x00000000000062a7      0x615 ./Drivers/STM32F1xx_HAL_Driver/Src/stm32f1xx_hal_gpio.o
 .debug_info    0x00000000000068bc      0x865 ./Drivers/STM32F1xx_HAL_Driver/Src/stm32f1xx_hal_rcc.o
 .debug_info    0x0000000000007121     0x2bab ./Drivers/STM32F1xx_HAL_Driver/Src/stm32f1xx_hal_tim.o
 .debug_info    0x0000000000009ccc     0x15c7 ./Drivers/STM32F1xx_HAL_Driver/Src/stm32f1xx_hal_tim_ex.o

.debug_abbrev   0x0000000000000000     0x1e00
 .debug_abbrev  0x0000000000000000      0x10d ./Core/Src/PID.o
 .debug_abbrev  0x000000000000010d      0x237 ./Core/Src/can.o
 .debug_abbrev  0x0000000000000344       0xc2 ./Core/Src/gpio.o
 .debug_abbrev  0x0000000000000406      0x31e ./Core/Src/main.o
 .debug_abbrev  0x0000000000000724       0xd4 ./Core/Src/stm32f1xx_hal_msp.o
 .debug_abbrev  0x00000000000007f8      0x1d7 ./Core/Src/stm32f1xx_it.o
 .debug_abbrev  0x00000000000009cf      0x13b ./Core/Src/system_stm32f1xx.o
 .debug_abbrev  0x0000000000000b0a      0x2a5 ./Core/Src/tim.o
 .debug_abbrev  0x0000000000000daf       0x12 ./Core/Startup/startup_stm32f103cbtx.o
 .debug_abbrev  0x0000000000000dc1      0x1fb ./Drivers/STM32F1xx_HAL_Driver/Src/stm32f1xx_hal.o
 .debug_abbrev  0x0000000000000fbc      0x224 ./Drivers/STM32F1xx_HAL_Driver/Src/stm32f1xx_hal_can.o
 .debug_abbrev  0x00000000000011e0      0x2ed ./Drivers/STM32F1xx_HAL_Driver/Src/stm32f1xx_hal_cortex.o
 .debug_abbrev  0x00000000000014cd      0x1bb ./Drivers/STM32F1xx_HAL_Driver/Src/stm32f1xx_hal_gpio.o
 .debug_abbrev  0x0000000000001688      0x2a8 ./Drivers/STM32F1xx_HAL_Driver/Src/stm32f1xx_hal_rcc.o
 .debug_abbrev  0x0000000000001930      0x264 ./Drivers/STM32F1xx_HAL_Driver/Src/stm32f1xx_hal_tim.o
 .debug_abbrev  0x0000000000001b94      0x26c ./Drivers/STM32F1xx_HAL_Driver/Src/stm32f1xx_hal_tim_ex.o

.debug_aranges  0x0000000000000000      0xb50
 .debug_aranges
                0x0000000000000000       0x28 ./Core/Src/PID.o
 .debug_aranges
                0x0000000000000028       0x30 ./Core/Src/can.o
 .debug_aranges
                0x0000000000000058       0x20 ./Core/Src/gpio.o
 .debug_aranges
                0x0000000000000078       0x50 ./Core/Src/main.o
 .debug_aranges
                0x00000000000000c8       0x20 ./Core/Src/stm32f1xx_hal_msp.o
 .debug_aranges
                0x00000000000000e8       0x70 ./Core/Src/stm32f1xx_it.o
 .debug_aranges
                0x0000000000000158       0x28 ./Core/Src/system_stm32f1xx.o
 .debug_aranges
                0x0000000000000180       0x70 ./Core/Src/tim.o
 .debug_aranges
                0x00000000000001f0       0x28 ./Core/Startup/startup_stm32f103cbtx.o
 .debug_aranges
                0x0000000000000218       0xe0 ./Drivers/STM32F1xx_HAL_Driver/Src/stm32f1xx_hal.o
 .debug_aranges
                0x00000000000002f8      0x138 ./Drivers/STM32F1xx_HAL_Driver/Src/stm32f1xx_hal_can.o
 .debug_aranges
                0x0000000000000430      0x100 ./Drivers/STM32F1xx_HAL_Driver/Src/stm32f1xx_hal_cortex.o
 .debug_aranges
                0x0000000000000530       0x58 ./Drivers/STM32F1xx_HAL_Driver/Src/stm32f1xx_hal_gpio.o
 .debug_aranges
                0x0000000000000588       0x90 ./Drivers/STM32F1xx_HAL_Driver/Src/stm32f1xx_hal_rcc.o
 .debug_aranges
                0x0000000000000618      0x3d0 ./Drivers/STM32F1xx_HAL_Driver/Src/stm32f1xx_hal_tim.o
 .debug_aranges
                0x00000000000009e8      0x168 ./Drivers/STM32F1xx_HAL_Driver/Src/stm32f1xx_hal_tim_ex.o

.debug_ranges   0x0000000000000000      0xa58
 .debug_ranges  0x0000000000000000       0x18 ./Core/Src/PID.o
 .debug_ranges  0x0000000000000018       0x20 ./Core/Src/can.o
 .debug_ranges  0x0000000000000038       0x10 ./Core/Src/gpio.o
 .debug_ranges  0x0000000000000048       0x40 ./Core/Src/main.o
 .debug_ranges  0x0000000000000088       0x10 ./Core/Src/stm32f1xx_hal_msp.o
 .debug_ranges  0x0000000000000098       0x60 ./Core/Src/stm32f1xx_it.o
 .debug_ranges  0x00000000000000f8       0x18 ./Core/Src/system_stm32f1xx.o
 .debug_ranges  0x0000000000000110       0x60 ./Core/Src/tim.o
 .debug_ranges  0x0000000000000170       0x20 ./Core/Startup/startup_stm32f103cbtx.o
 .debug_ranges  0x0000000000000190       0xd0 ./Drivers/STM32F1xx_HAL_Driver/Src/stm32f1xx_hal.o
 .debug_ranges  0x0000000000000260      0x128 ./Drivers/STM32F1xx_HAL_Driver/Src/stm32f1xx_hal_can.o
 .debug_ranges  0x0000000000000388       0xf0 ./Drivers/STM32F1xx_HAL_Driver/Src/stm32f1xx_hal_cortex.o
 .debug_ranges  0x0000000000000478       0x48 ./Drivers/STM32F1xx_HAL_Driver/Src/stm32f1xx_hal_gpio.o
 .debug_ranges  0x00000000000004c0       0x80 ./Drivers/STM32F1xx_HAL_Driver/Src/stm32f1xx_hal_rcc.o
 .debug_ranges  0x0000000000000540      0x3c0 ./Drivers/STM32F1xx_HAL_Driver/Src/stm32f1xx_hal_tim.o
 .debug_ranges  0x0000000000000900      0x158 ./Drivers/STM32F1xx_HAL_Driver/Src/stm32f1xx_hal_tim_ex.o

.debug_macro    0x0000000000000000    0x17a7f
 .debug_macro   0x0000000000000000       0x1b ./Core/Src/PID.o
 .debug_macro   0x000000000000001b      0xa6c ./Core/Src/PID.o
 .debug_macro   0x0000000000000a87      0x1b7 ./Core/Src/can.o
 .debug_macro   0x0000000000000c3e      0x21b ./Core/Src/can.o
 .debug_macro   0x0000000000000e59       0x2e ./Core/Src/can.o
 .debug_macro   0x0000000000000e87       0x22 ./Core/Src/can.o
 .debug_macro   0x0000000000000ea9       0x22 ./Core/Src/can.o
 .debug_macro   0x0000000000000ecb       0x8e ./Core/Src/can.o
 .debug_macro   0x0000000000000f59       0x51 ./Core/Src/can.o
 .debug_macro   0x0000000000000faa      0x103 ./Core/Src/can.o
 .debug_macro   0x00000000000010ad       0x6a ./Core/Src/can.o
 .debug_macro   0x0000000000001117      0x1df ./Core/Src/can.o
 .debug_macro   0x00000000000012f6       0x1c ./Core/Src/can.o
 .debug_macro   0x0000000000001312       0x22 ./Core/Src/can.o
 .debug_macro   0x0000000000001334       0xbd ./Core/Src/can.o
 .debug_macro   0x00000000000013f1      0xd23 ./Core/Src/can.o
 .debug_macro   0x0000000000002114     0xe09e ./Core/Src/can.o
 .debug_macro   0x00000000000101b2       0x6d ./Core/Src/can.o
 .debug_macro   0x000000000001021f     0x348d ./Core/Src/can.o
 .debug_macro   0x00000000000136ac      0x174 ./Core/Src/can.o
 .debug_macro   0x0000000000013820       0x5c ./Core/Src/can.o
 .debug_macro   0x000000000001387c      0x5bc ./Core/Src/can.o
 .debug_macro   0x0000000000013e38      0x289 ./Core/Src/can.o
 .debug_macro   0x00000000000140c1      0x1cb ./Core/Src/can.o
 .debug_macro   0x000000000001428c      0x114 ./Core/Src/can.o
 .debug_macro   0x00000000000143a0      0x1b2 ./Core/Src/can.o
 .debug_macro   0x0000000000014552       0x27 ./Core/Src/can.o
 .debug_macro   0x0000000000014579      0x136 ./Core/Src/can.o
 .debug_macro   0x00000000000146af      0x1bc ./Core/Src/can.o
 .debug_macro   0x000000000001486b       0x34 ./Core/Src/can.o
 .debug_macro   0x000000000001489f       0x3c ./Core/Src/can.o
 .debug_macro   0x00000000000148db      0x408 ./Core/Src/can.o
 .debug_macro   0x0000000000014ce3       0x57 ./Core/Src/can.o
 .debug_macro   0x0000000000014d3a       0x87 ./Core/Src/can.o
 .debug_macro   0x0000000000014dc1      0x240 ./Core/Src/can.o
 .debug_macro   0x0000000000015001      0x140 ./Core/Src/can.o
 .debug_macro   0x0000000000015141      0x8ed ./Core/Src/can.o
 .debug_macro   0x0000000000015a2e       0x83 ./Core/Src/can.o
 .debug_macro   0x0000000000015ab1      0x1b7 ./Core/Src/gpio.o
 .debug_macro   0x0000000000015c68      0x2d8 ./Core/Src/main.o
 .debug_macro   0x0000000000015f40       0x52 ./Core/Src/main.o
 .debug_macro   0x0000000000015f92       0x18 ./Core/Src/main.o
 .debug_macro   0x0000000000015faa       0x3c ./Core/Src/main.o
 .debug_macro   0x0000000000015fe6       0x34 ./Core/Src/main.o
 .debug_macro   0x000000000001601a       0x16 ./Core/Src/main.o
 .debug_macro   0x0000000000016030       0x43 ./Core/Src/main.o
 .debug_macro   0x0000000000016073       0x34 ./Core/Src/main.o
 .debug_macro   0x00000000000160a7       0x10 ./Core/Src/main.o
 .debug_macro   0x00000000000160b7       0x58 ./Core/Src/main.o
 .debug_macro   0x000000000001610f       0x71 ./Core/Src/main.o
 .debug_macro   0x0000000000016180       0x1c ./Core/Src/main.o
 .debug_macro   0x000000000001619c      0x12a ./Core/Src/main.o
 .debug_macro   0x00000000000162c6      0x341 ./Core/Src/main.o
 .debug_macro   0x0000000000016607      0x19b ./Core/Src/main.o
 .debug_macro   0x00000000000167a2      0x1ad ./Core/Src/stm32f1xx_hal_msp.o
 .debug_macro   0x000000000001694f      0x1b7 ./Core/Src/stm32f1xx_it.o
 .debug_macro   0x0000000000016b06      0x1a3 ./Core/Src/system_stm32f1xx.o
 .debug_macro   0x0000000000016ca9      0x1b7 ./Core/Src/tim.o
 .debug_macro   0x0000000000016e60      0x1c7 ./Drivers/STM32F1xx_HAL_Driver/Src/stm32f1xx_hal.o
 .debug_macro   0x0000000000017027      0x1ab ./Drivers/STM32F1xx_HAL_Driver/Src/stm32f1xx_hal_can.o
 .debug_macro   0x00000000000171d2      0x1a3 ./Drivers/STM32F1xx_HAL_Driver/Src/stm32f1xx_hal_cortex.o
 .debug_macro   0x0000000000017375      0x20e ./Drivers/STM32F1xx_HAL_Driver/Src/stm32f1xx_hal_gpio.o
 .debug_macro   0x0000000000017583      0x1b5 ./Drivers/STM32F1xx_HAL_Driver/Src/stm32f1xx_hal_rcc.o
 .debug_macro   0x0000000000017738      0x1a4 ./Drivers/STM32F1xx_HAL_Driver/Src/stm32f1xx_hal_tim.o
 .debug_macro   0x00000000000178dc      0x1a3 ./Drivers/STM32F1xx_HAL_Driver/Src/stm32f1xx_hal_tim_ex.o

.debug_line     0x0000000000000000     0xbe8b
 .debug_line    0x0000000000000000      0x155 ./Core/Src/PID.o
 .debug_line    0x0000000000000155      0x6ef ./Core/Src/can.o
 .debug_line    0x0000000000000844      0x652 ./Core/Src/gpio.o
 .debug_line    0x0000000000000e96      0xb00 ./Core/Src/main.o
 .debug_line    0x0000000000001996      0x655 ./Core/Src/stm32f1xx_hal_msp.o
 .debug_line    0x0000000000001feb      0x747 ./Core/Src/stm32f1xx_it.o
 .debug_line    0x0000000000002732      0x6d3 ./Core/Src/system_stm32f1xx.o
 .debug_line    0x0000000000002e05      0x8eb ./Core/Src/tim.o
 .debug_line    0x00000000000036f0       0x86 ./Core/Startup/startup_stm32f103cbtx.o
 .debug_line    0x0000000000003776      0x900 ./Drivers/STM32F1xx_HAL_Driver/Src/stm32f1xx_hal.o
 .debug_line    0x0000000000004076     0x10a7 ./Drivers/STM32F1xx_HAL_Driver/Src/stm32f1xx_hal_can.o
 .debug_line    0x000000000000511d      0xae8 ./Drivers/STM32F1xx_HAL_Driver/Src/stm32f1xx_hal_cortex.o
 .debug_line    0x0000000000005c05      0x999 ./Drivers/STM32F1xx_HAL_Driver/Src/stm32f1xx_hal_gpio.o
 .debug_line    0x000000000000659e      0xd0c ./Drivers/STM32F1xx_HAL_Driver/Src/stm32f1xx_hal_rcc.o
 .debug_line    0x00000000000072aa     0x338b ./Drivers/STM32F1xx_HAL_Driver/Src/stm32f1xx_hal_tim.o
 .debug_line    0x000000000000a635     0x1856 ./Drivers/STM32F1xx_HAL_Driver/Src/stm32f1xx_hal_tim_ex.o

.debug_str      0x0000000000000000    0x8a1e1
 .debug_str     0x0000000000000000     0x2d54 ./Core/Src/PID.o
                                       0x2d61 (size before relaxing)
 .debug_str     0x0000000000002d54    0x81136 ./Core/Src/can.o
                                      0x841b7 (size before relaxing)
 .debug_str     0x0000000000083e8a       0x2c ./Core/Src/gpio.o
                                      0x83a1a (size before relaxing)
 .debug_str     0x0000000000083eb6     0x3e4c ./Core/Src/main.o
                                      0x87c68 (size before relaxing)
 .debug_str     0x0000000000087d02       0x2c ./Core/Src/stm32f1xx_hal_msp.o
                                      0x83a48 (size before relaxing)
 .debug_str     0x0000000000087d2e      0x113 ./Core/Src/stm32f1xx_it.o
                                      0x841e7 (size before relaxing)
 .debug_str     0x0000000000087e41       0x7e ./Core/Src/system_stm32f1xx.o
                                      0x83a73 (size before relaxing)
 .debug_str     0x0000000000087ebf      0x3b9 ./Core/Src/tim.o
                                      0x8469d (size before relaxing)
 .debug_str     0x0000000000088278       0x36 ./Core/Startup/startup_stm32f103cbtx.o
                                         0x66 (size before relaxing)
 .debug_str     0x00000000000882ae      0x38e ./Drivers/STM32F1xx_HAL_Driver/Src/stm32f1xx_hal.o
                                      0x841a6 (size before relaxing)
 .debug_str     0x000000000008863c      0x3e8 ./Drivers/STM32F1xx_HAL_Driver/Src/stm32f1xx_hal_can.o
                                      0x84273 (size before relaxing)
 .debug_str     0x0000000000088a24      0x26c ./Drivers/STM32F1xx_HAL_Driver/Src/stm32f1xx_hal_cortex.o
                                      0x840f2 (size before relaxing)
 .debug_str     0x0000000000088c90      0x322 ./Drivers/STM32F1xx_HAL_Driver/Src/stm32f1xx_hal_gpio.o
                                      0x83df9 (size before relaxing)
 .debug_str     0x0000000000088fb2      0x229 ./Drivers/STM32F1xx_HAL_Driver/Src/stm32f1xx_hal_rcc.o
                                      0x83ea2 (size before relaxing)
 .debug_str     0x00000000000891db      0xc25 ./Drivers/STM32F1xx_HAL_Driver/Src/stm32f1xx_hal_tim.o
                                      0x84e94 (size before relaxing)
 .debug_str     0x0000000000089e00      0x3e1 ./Drivers/STM32F1xx_HAL_Driver/Src/stm32f1xx_hal_tim_ex.o
                                      0x846b0 (size before relaxing)

.comment        0x0000000000000000       0x50
 .comment       0x0000000000000000       0x50 ./Core/Src/PID.o
                                         0x51 (size before relaxing)
 .comment       0x0000000000000050       0x51 ./Core/Src/can.o
 .comment       0x0000000000000050       0x51 ./Core/Src/gpio.o
 .comment       0x0000000000000050       0x51 ./Core/Src/main.o
 .comment       0x0000000000000050       0x51 ./Core/Src/stm32f1xx_hal_msp.o
 .comment       0x0000000000000050       0x51 ./Core/Src/stm32f1xx_it.o
 .comment       0x0000000000000050       0x51 ./Core/Src/system_stm32f1xx.o
 .comment       0x0000000000000050       0x51 ./Core/Src/tim.o
 .comment       0x0000000000000050       0x51 ./Drivers/STM32F1xx_HAL_Driver/Src/stm32f1xx_hal.o
 .comment       0x0000000000000050       0x51 ./Drivers/STM32F1xx_HAL_Driver/Src/stm32f1xx_hal_can.o
 .comment       0x0000000000000050       0x51 ./Drivers/STM32F1xx_HAL_Driver/Src/stm32f1xx_hal_cortex.o
 .comment       0x0000000000000050       0x51 ./Drivers/STM32F1xx_HAL_Driver/Src/stm32f1xx_hal_gpio.o
 .comment       0x0000000000000050       0x51 ./Drivers/STM32F1xx_HAL_Driver/Src/stm32f1xx_hal_rcc.o
 .comment       0x0000000000000050       0x51 ./Drivers/STM32F1xx_HAL_Driver/Src/stm32f1xx_hal_tim.o
 .comment       0x0000000000000050       0x51 ./Drivers/STM32F1xx_HAL_Driver/Src/stm32f1xx_hal_tim_ex.o

.debug_frame    0x0000000000000000     0x3374
 .debug_frame   0x0000000000000000       0x64 ./Core/Src/PID.o
 .debug_frame   0x0000000000000064       0x7c ./Core/Src/can.o
 .debug_frame   0x00000000000000e0       0x38 ./Core/Src/gpio.o
 .debug_frame   0x0000000000000118      0x104 ./Core/Src/main.o
 .debug_frame   0x000000000000021c       0x38 ./Core/Src/stm32f1xx_hal_msp.o
 .debug_frame   0x0000000000000254      0x13c ./Core/Src/stm32f1xx_it.o
 .debug_frame   0x0000000000000390       0x58 ./Core/Src/system_stm32f1xx.o
 .debug_frame   0x00000000000003e8      0x1a4 ./Core/Src/tim.o
 .debug_frame   0x000000000000058c      0x334 ./Drivers/STM32F1xx_HAL_Driver/Src/stm32f1xx_hal.o
 .debug_frame   0x00000000000008c0      0x5a0 ./Drivers/STM32F1xx_HAL_Driver/Src/stm32f1xx_hal_can.o
 .debug_frame   0x0000000000000e60      0x428 ./Drivers/STM32F1xx_HAL_Driver/Src/stm32f1xx_hal_cortex.o
 .debug_frame   0x0000000000001288      0x14c ./Drivers/STM32F1xx_HAL_Driver/Src/stm32f1xx_hal_gpio.o
 .debug_frame   0x00000000000013d4      0x218 ./Drivers/STM32F1xx_HAL_Driver/Src/stm32f1xx_hal_rcc.o
 .debug_frame   0x00000000000015ec     0x11bc ./Drivers/STM32F1xx_HAL_Driver/Src/stm32f1xx_hal_tim.o
 .debug_frame   0x00000000000027a8      0x638 ./Drivers/STM32F1xx_HAL_Driver/Src/stm32f1xx_hal_tim_ex.o
 .debug_frame   0x0000000000002de0       0x2c /opt/st/stm32cubeide_1.12.0/plugins/com.st.stm32cube.ide.mcu.externaltools.gnu-tools-for-stm32.10.3-2021.10.linux64_1.0.200.202301161003/tools/bin/../lib/gcc/arm-none-eabi/10.3.1/../../../../arm-none-eabi/lib/thumb/v7-m/nofp/libc_nano.a(lib_a-init.o)
 .debug_frame   0x0000000000002e0c       0x20 /opt/st/stm32cubeide_1.12.0/plugins/com.st.stm32cube.ide.mcu.externaltools.gnu-tools-for-stm32.10.3-2021.10.linux64_1.0.200.202301161003/tools/bin/../lib/gcc/arm-none-eabi/10.3.1/../../../../arm-none-eabi/lib/thumb/v7-m/nofp/libc_nano.a(lib_a-memset.o)
 .debug_frame   0x0000000000002e2c       0x38 /opt/st/stm32cubeide_1.12.0/plugins/com.st.stm32cube.ide.mcu.externaltools.gnu-tools-for-stm32.10.3-2021.10.linux64_1.0.200.202301161003/tools/bin/../lib/gcc/arm-none-eabi/10.3.1/../../../../arm-none-eabi/lib/thumb/v7-m/nofp/libm.a(lib_a-sf_cos.o)
 .debug_frame   0x0000000000002e64       0x38 /opt/st/stm32cubeide_1.12.0/plugins/com.st.stm32cube.ide.mcu.externaltools.gnu-tools-for-stm32.10.3-2021.10.linux64_1.0.200.202301161003/tools/bin/../lib/gcc/arm-none-eabi/10.3.1/../../../../arm-none-eabi/lib/thumb/v7-m/nofp/libm.a(lib_a-sf_sin.o)
 .debug_frame   0x0000000000002e9c       0x40 /opt/st/stm32cubeide_1.12.0/plugins/com.st.stm32cube.ide.mcu.externaltools.gnu-tools-for-stm32.10.3-2021.10.linux64_1.0.200.202301161003/tools/bin/../lib/gcc/arm-none-eabi/10.3.1/../../../../arm-none-eabi/lib/thumb/v7-m/nofp/libm.a(lib_a-ef_rem_pio2.o)
 .debug_frame   0x0000000000002edc       0x30 /opt/st/stm32cubeide_1.12.0/plugins/com.st.stm32cube.ide.mcu.externaltools.gnu-tools-for-stm32.10.3-2021.10.linux64_1.0.200.202301161003/tools/bin/../lib/gcc/arm-none-eabi/10.3.1/../../../../arm-none-eabi/lib/thumb/v7-m/nofp/libm.a(lib_a-kf_cos.o)
 .debug_frame   0x0000000000002f0c       0x44 /opt/st/stm32cubeide_1.12.0/plugins/com.st.stm32cube.ide.mcu.externaltools.gnu-tools-for-stm32.10.3-2021.10.linux64_1.0.200.202301161003/tools/bin/../lib/gcc/arm-none-eabi/10.3.1/../../../../arm-none-eabi/lib/thumb/v7-m/nofp/libm.a(lib_a-kf_rem_pio2.o)
 .debug_frame   0x0000000000002f50       0x34 /opt/st/stm32cubeide_1.12.0/plugins/com.st.stm32cube.ide.mcu.externaltools.gnu-tools-for-stm32.10.3-2021.10.linux64_1.0.200.202301161003/tools/bin/../lib/gcc/arm-none-eabi/10.3.1/../../../../arm-none-eabi/lib/thumb/v7-m/nofp/libm.a(lib_a-kf_sin.o)
 .debug_frame   0x0000000000002f84       0x20 /opt/st/stm32cubeide_1.12.0/plugins/com.st.stm32cube.ide.mcu.externaltools.gnu-tools-for-stm32.10.3-2021.10.linux64_1.0.200.202301161003/tools/bin/../lib/gcc/arm-none-eabi/10.3.1/../../../../arm-none-eabi/lib/thumb/v7-m/nofp/libm.a(lib_a-sf_fabs.o)
 .debug_frame   0x0000000000002fa4       0x2c /opt/st/stm32cubeide_1.12.0/plugins/com.st.stm32cube.ide.mcu.externaltools.gnu-tools-for-stm32.10.3-2021.10.linux64_1.0.200.202301161003/tools/bin/../lib/gcc/arm-none-eabi/10.3.1/../../../../arm-none-eabi/lib/thumb/v7-m/nofp/libm.a(lib_a-sf_floor.o)
 .debug_frame   0x0000000000002fd0       0x2c /opt/st/stm32cubeide_1.12.0/plugins/com.st.stm32cube.ide.mcu.externaltools.gnu-tools-for-stm32.10.3-2021.10.linux64_1.0.200.202301161003/tools/bin/../lib/gcc/arm-none-eabi/10.3.1/../../../../arm-none-eabi/lib/thumb/v7-m/nofp/libm.a(lib_a-sf_scalbn.o)
 .debug_frame   0x0000000000002ffc       0xac /opt/st/stm32cubeide_1.12.0/plugins/com.st.stm32cube.ide.mcu.externaltools.gnu-tools-for-stm32.10.3-2021.10.linux64_1.0.200.202301161003/tools/bin/../lib/gcc/arm-none-eabi/10.3.1/thumb/v7-m/nofp/libgcc.a(_arm_addsubdf3.o)
 .debug_frame   0x00000000000030a8       0x50 /opt/st/stm32cubeide_1.12.0/plugins/com.st.stm32cube.ide.mcu.externaltools.gnu-tools-for-stm32.10.3-2021.10.linux64_1.0.200.202301161003/tools/bin/../lib/gcc/arm-none-eabi/10.3.1/thumb/v7-m/nofp/libgcc.a(_arm_muldivdf3.o)
 .debug_frame   0x00000000000030f8       0xc4 /opt/st/stm32cubeide_1.12.0/plugins/com.st.stm32cube.ide.mcu.externaltools.gnu-tools-for-stm32.10.3-2021.10.linux64_1.0.200.202301161003/tools/bin/../lib/gcc/arm-none-eabi/10.3.1/thumb/v7-m/nofp/libgcc.a(_arm_cmpdf2.o)
 .debug_frame   0x00000000000031bc       0x24 /opt/st/stm32cubeide_1.12.0/plugins/com.st.stm32cube.ide.mcu.externaltools.gnu-tools-for-stm32.10.3-2021.10.linux64_1.0.200.202301161003/tools/bin/../lib/gcc/arm-none-eabi/10.3.1/thumb/v7-m/nofp/libgcc.a(_arm_truncdfsf2.o)
 .debug_frame   0x00000000000031e0       0x4c /opt/st/stm32cubeide_1.12.0/plugins/com.st.stm32cube.ide.mcu.externaltools.gnu-tools-for-stm32.10.3-2021.10.linux64_1.0.200.202301161003/tools/bin/../lib/gcc/arm-none-eabi/10.3.1/thumb/v7-m/nofp/libgcc.a(_arm_addsubsf3.o)
 .debug_frame   0x000000000000322c       0x38 /opt/st/stm32cubeide_1.12.0/plugins/com.st.stm32cube.ide.mcu.externaltools.gnu-tools-for-stm32.10.3-2021.10.linux64_1.0.200.202301161003/tools/bin/../lib/gcc/arm-none-eabi/10.3.1/thumb/v7-m/nofp/libgcc.a(_arm_muldivsf3.o)
 .debug_frame   0x0000000000003264       0xc8 /opt/st/stm32cubeide_1.12.0/plugins/com.st.stm32cube.ide.mcu.externaltools.gnu-tools-for-stm32.10.3-2021.10.linux64_1.0.200.202301161003/tools/bin/../lib/gcc/arm-none-eabi/10.3.1/thumb/v7-m/nofp/libgcc.a(_arm_cmpsf2.o)
 .debug_frame   0x000000000000332c       0x24 /opt/st/stm32cubeide_1.12.0/plugins/com.st.stm32cube.ide.mcu.externaltools.gnu-tools-for-stm32.10.3-2021.10.linux64_1.0.200.202301161003/tools/bin/../lib/gcc/arm-none-eabi/10.3.1/thumb/v7-m/nofp/libgcc.a(_arm_fixsfsi.o)
 .debug_frame   0x0000000000003350       0x24 /opt/st/stm32cubeide_1.12.0/plugins/com.st.stm32cube.ide.mcu.externaltools.gnu-tools-for-stm32.10.3-2021.10.linux64_1.0.200.202301161003/tools/bin/../lib/gcc/arm-none-eabi/10.3.1/thumb/v7-m/nofp/libgcc.a(_arm_fixunssfsi.o)
